Archive member included to satisfy reference by file (symbol)

/opt/st/stm32cubeide_1.12.0/plugins/com.st.stm32cube.ide.mcu.externaltools.gnu-tools-for-stm32.10.3-2021.10.linux64_1.0.200.202301161003/tools/bin/../lib/gcc/arm-none-eabi/10.3.1/../../../../arm-none-eabi/lib/thumb/v8-m.main+fp/hard/libc_nano.a(lib_a-errno.o)
                              ./Core/Src/syscalls.o (__errno)
/opt/st/stm32cubeide_1.12.0/plugins/com.st.stm32cube.ide.mcu.externaltools.gnu-tools-for-stm32.10.3-2021.10.linux64_1.0.200.202301161003/tools/bin/../lib/gcc/arm-none-eabi/10.3.1/../../../../arm-none-eabi/lib/thumb/v8-m.main+fp/hard/libc_nano.a(lib_a-exit.o)
                              /opt/st/stm32cubeide_1.12.0/plugins/com.st.stm32cube.ide.mcu.externaltools.gnu-tools-for-stm32.10.3-2021.10.linux64_1.0.200.202301161003/tools/bin/../lib/gcc/arm-none-eabi/10.3.1/../../../../arm-none-eabi/lib/thumb/v8-m.main+fp/hard/crt0.o (exit)
/opt/st/stm32cubeide_1.12.0/plugins/com.st.stm32cube.ide.mcu.externaltools.gnu-tools-for-stm32.10.3-2021.10.linux64_1.0.200.202301161003/tools/bin/../lib/gcc/arm-none-eabi/10.3.1/../../../../arm-none-eabi/lib/thumb/v8-m.main+fp/hard/libc_nano.a(lib_a-impure.o)
                              /opt/st/stm32cubeide_1.12.0/plugins/com.st.stm32cube.ide.mcu.externaltools.gnu-tools-for-stm32.10.3-2021.10.linux64_1.0.200.202301161003/tools/bin/../lib/gcc/arm-none-eabi/10.3.1/../../../../arm-none-eabi/lib/thumb/v8-m.main+fp/hard/libc_nano.a(lib_a-exit.o) (_global_impure_ptr)
/opt/st/stm32cubeide_1.12.0/plugins/com.st.stm32cube.ide.mcu.externaltools.gnu-tools-for-stm32.10.3-2021.10.linux64_1.0.200.202301161003/tools/bin/../lib/gcc/arm-none-eabi/10.3.1/../../../../arm-none-eabi/lib/thumb/v8-m.main+fp/hard/libc_nano.a(lib_a-init.o)
                              /opt/st/stm32cubeide_1.12.0/plugins/com.st.stm32cube.ide.mcu.externaltools.gnu-tools-for-stm32.10.3-2021.10.linux64_1.0.200.202301161003/tools/bin/../lib/gcc/arm-none-eabi/10.3.1/../../../../arm-none-eabi/lib/thumb/v8-m.main+fp/hard/crt0.o (__libc_init_array)
/opt/st/stm32cubeide_1.12.0/plugins/com.st.stm32cube.ide.mcu.externaltools.gnu-tools-for-stm32.10.3-2021.10.linux64_1.0.200.202301161003/tools/bin/../lib/gcc/arm-none-eabi/10.3.1/../../../../arm-none-eabi/lib/thumb/v8-m.main+fp/hard/libc_nano.a(lib_a-memcpy-stub.o)
                              ./Core/Src/w25q128jvsiq.o (memcpy)
/opt/st/stm32cubeide_1.12.0/plugins/com.st.stm32cube.ide.mcu.externaltools.gnu-tools-for-stm32.10.3-2021.10.linux64_1.0.200.202301161003/tools/bin/../lib/gcc/arm-none-eabi/10.3.1/../../../../arm-none-eabi/lib/thumb/v8-m.main+fp/hard/libc_nano.a(lib_a-memset.o)
                              /opt/st/stm32cubeide_1.12.0/plugins/com.st.stm32cube.ide.mcu.externaltools.gnu-tools-for-stm32.10.3-2021.10.linux64_1.0.200.202301161003/tools/bin/../lib/gcc/arm-none-eabi/10.3.1/../../../../arm-none-eabi/lib/thumb/v8-m.main+fp/hard/crt0.o (memset)

Discarded input sections

 .text          0x0000000000000000        0x0 /opt/st/stm32cubeide_1.12.0/plugins/com.st.stm32cube.ide.mcu.externaltools.gnu-tools-for-stm32.10.3-2021.10.linux64_1.0.200.202301161003/tools/bin/../lib/gcc/arm-none-eabi/10.3.1/thumb/v8-m.main+fp/hard/crti.o
 .data          0x0000000000000000        0x0 /opt/st/stm32cubeide_1.12.0/plugins/com.st.stm32cube.ide.mcu.externaltools.gnu-tools-for-stm32.10.3-2021.10.linux64_1.0.200.202301161003/tools/bin/../lib/gcc/arm-none-eabi/10.3.1/thumb/v8-m.main+fp/hard/crti.o
 .bss           0x0000000000000000        0x0 /opt/st/stm32cubeide_1.12.0/plugins/com.st.stm32cube.ide.mcu.externaltools.gnu-tools-for-stm32.10.3-2021.10.linux64_1.0.200.202301161003/tools/bin/../lib/gcc/arm-none-eabi/10.3.1/thumb/v8-m.main+fp/hard/crti.o
 .data          0x0000000000000000        0x4 /opt/st/stm32cubeide_1.12.0/plugins/com.st.stm32cube.ide.mcu.externaltools.gnu-tools-for-stm32.10.3-2021.10.linux64_1.0.200.202301161003/tools/bin/../lib/gcc/arm-none-eabi/10.3.1/thumb/v8-m.main+fp/hard/crtbegin.o
 .rodata        0x0000000000000000       0x24 /opt/st/stm32cubeide_1.12.0/plugins/com.st.stm32cube.ide.mcu.externaltools.gnu-tools-for-stm32.10.3-2021.10.linux64_1.0.200.202301161003/tools/bin/../lib/gcc/arm-none-eabi/10.3.1/thumb/v8-m.main+fp/hard/crtbegin.o
 .text          0x0000000000000000       0x7c /opt/st/stm32cubeide_1.12.0/plugins/com.st.stm32cube.ide.mcu.externaltools.gnu-tools-for-stm32.10.3-2021.10.linux64_1.0.200.202301161003/tools/bin/../lib/gcc/arm-none-eabi/10.3.1/../../../../arm-none-eabi/lib/thumb/v8-m.main+fp/hard/crt0.o
 .data          0x0000000000000000        0x0 /opt/st/stm32cubeide_1.12.0/plugins/com.st.stm32cube.ide.mcu.externaltools.gnu-tools-for-stm32.10.3-2021.10.linux64_1.0.200.202301161003/tools/bin/../lib/gcc/arm-none-eabi/10.3.1/../../../../arm-none-eabi/lib/thumb/v8-m.main+fp/hard/crt0.o
[...]
Memory Configuration

Name             Origin             Length             Attributes
RAM              0x0000000020000004 0x000000000003fffc xrw
*default*        0x0000000000000000 0xffffffffffffffff

Linker script and memory map

LOAD /opt/st/stm32cubeide_1.12.0/plugins/com.st.stm32cube.ide.mcu.externaltools.gnu-tools-for-stm32.10.3-2021.10.linux64_1.0.200.202301161003/tools/bin/../lib/gcc/arm-none-eabi/10.3.1/thumb/v8-m.main+fp/hard/crti.o
LOAD /opt/st/stm32cubeide_1.12.0/plugins/com.st.stm32cube.ide.mcu.externaltools.gnu-tools-for-stm32.10.3-2021.10.linux64_1.0.200.202301161003/tools/bin/../lib/gcc/arm-none-eabi/10.3.1/thumb/v8-m.main+fp/hard/crtbegin.o
LOAD /opt/st/stm32cubeide_1.12.0/plugins/com.st.stm32cube.ide.mcu.externaltools.gnu-tools-for-stm32.10.3-2021.10.linux64_1.0.200.202301161003/tools/bin/../lib/gcc/arm-none-eabi/10.3.1/../../../../arm-none-eabi/lib/thumb/v8-m.main+fp/hard/crt0.o
LOAD ./Core/Src/Dev_Inf.o
LOAD ./Core/Src/Loader_Src.o
LOAD ./Core/Src/gpio.o
LOAD ./Core/Src/main.o
LOAD ./Core/Src/octospi.o
LOAD ./Core/Src/stm32u5xx_hal_msp.o
LOAD ./Core/Src/stm32u5xx_it.o
LOAD ./Core/Src/syscalls.o
LOAD ./Core/Src/sysmem.o
LOAD ./Core/Src/system_stm32u5xx.o
LOAD ./Core/Src/w25q128jvsiq.o
LOAD ./Core/Startup/startup_stm32u545retxq.o
LOAD ./Drivers/STM32U5xx_HAL_Driver/Src/stm32u5xx_hal.o
LOAD ./Drivers/STM32U5xx_HAL_Driver/Src/stm32u5xx_hal_cortex.o
LOAD ./Drivers/STM32U5xx_HAL_Driver/Src/stm32u5xx_hal_dma.o
LOAD ./Drivers/STM32U5xx_HAL_Driver/Src/stm32u5xx_hal_dma_ex.o
LOAD ./Drivers/STM32U5xx_HAL_Driver/Src/stm32u5xx_hal_exti.o
LOAD ./Drivers/STM32U5xx_HAL_Driver/Src/stm32u5xx_hal_flash.o
LOAD ./Drivers/STM32U5xx_HAL_Driver/Src/stm32u5xx_hal_flash_ex.o
LOAD ./Drivers/STM32U5xx_HAL_Driver/Src/stm32u5xx_hal_gpio.o
LOAD ./Drivers/STM32U5xx_HAL_Driver/Src/stm32u5xx_hal_gtzc.o
LOAD ./Drivers/STM32U5xx_HAL_Driver/Src/stm32u5xx_hal_i2c.o
LOAD ./Drivers/STM32U5xx_HAL_Driver/Src/stm32u5xx_hal_i2c_ex.o
LOAD ./Drivers/STM32U5xx_HAL_Driver/Src/stm32u5xx_hal_icache.o
LOAD ./Drivers/STM32U5xx_HAL_Driver/Src/stm32u5xx_hal_ospi.o
LOAD ./Drivers/STM32U5xx_HAL_Driver/Src/stm32u5xx_hal_pwr.o
LOAD ./Drivers/STM32U5xx_HAL_Driver/Src/stm32u5xx_hal_pwr_ex.o
LOAD ./Drivers/STM32U5xx_HAL_Driver/Src/stm32u5xx_hal_rcc.o
LOAD ./Drivers/STM32U5xx_HAL_Driver/Src/stm32u5xx_hal_rcc_ex.o
LOAD ./Drivers/STM32U5xx_HAL_Driver/Src/stm32u5xx_hal_tim.o
LOAD ./Drivers/STM32U5xx_HAL_Driver/Src/stm32u5xx_hal_tim_ex.o
LOAD ./Drivers/STM32U5xx_HAL_Driver/Src/stm32u5xx_ll_dlyb.o
START GROUP
LOAD /opt/st/stm32cubeide_1.12.0/plugins/com.st.stm32cube.ide.mcu.externaltools.gnu-tools-for-stm32.10.3-2021.10.linux64_1.0.200.202301161003/tools/bin/../lib/gcc/arm-none-eabi/10.3.1/../../../../arm-none-eabi/lib/thumb/v8-m.main+fp/hard/libc_nano.a
LOAD /opt/st/stm32cubeide_1.12.0/plugins/com.st.stm32cube.ide.mcu.externaltools.gnu-tools-for-stm32.10.3-2021.10.linux64_1.0.200.202301161003/tools/bin/../lib/gcc/arm-none-eabi/10.3.1/../../../../arm-none-eabi/lib/thumb/v8-m.main+fp/hard/libm.a
END GROUP
START GROUP
LOAD /opt/st/stm32cubeide_1.12.0/plugins/com.st.stm32cube.ide.mcu.externaltools.gnu-tools-for-stm32.10.3-2021.10.linux64_1.0.200.202301161003/tools/bin/../lib/gcc/arm-none-eabi/10.3.1/thumb/v8-m.main+fp/hard/libgcc.a
LOAD /opt/st/stm32cubeide_1.12.0/plugins/com.st.stm32cube.ide.mcu.externaltools.gnu-tools-for-stm32.10.3-2021.10.linux64_1.0.200.202301161003/tools/bin/../lib/gcc/arm-none-eabi/10.3.1/../../../../arm-none-eabi/lib/thumb/v8-m.main+fp/hard/libc_nano.a
END GROUP
START GROUP
LOAD /opt/st/stm32cubeide_1.12.0/plugins/com.st.stm32cube.ide.mcu.externaltools.gnu-tools-for-stm32.10.3-2021.10.linux64_1.0.200.202301161003/tools/bin/../lib/gcc/arm-none-eabi/10.3.1/thumb/v8-m.main+fp/hard/libgcc.a
LOAD /opt/st/stm32cubeide_1.12.0/plugins/com.st.stm32cube.ide.mcu.externaltools.gnu-tools-for-stm32.10.3-2021.10.linux64_1.0.200.202301161003/tools/bin/../lib/gcc/arm-none-eabi/10.3.1/../../../../arm-none-eabi/lib/thumb/v8-m.main+fp/hard/libc_nano.a
LOAD /opt/st/stm32cubeide_1.12.0/plugins/com.st.stm32cube.ide.mcu.externaltools.gnu-tools-for-stm32.10.3-2021.10.linux64_1.0.200.202301161003/tools/bin/../lib/gcc/arm-none-eabi/10.3.1/../../../../arm-none-eabi/lib/thumb/v8-m.main+fp/hard/libnosys.a
END GROUP
START GROUP
LOAD /opt/st/stm32cubeide_1.12.0/plugins/com.st.stm32cube.ide.mcu.externaltools.gnu-tools-for-stm32.10.3-2021.10.linux64_1.0.200.202301161003/tools/bin/../lib/gcc/arm-none-eabi/10.3.1/thumb/v8-m.main+fp/hard/libgcc.a
LOAD /opt/st/stm32cubeide_1.12.0/plugins/com.st.stm32cube.ide.mcu.externaltools.gnu-tools-for-stm32.10.3-2021.10.linux64_1.0.200.202301161003/tools/bin/../lib/gcc/arm-none-eabi/10.3.1/../../../../arm-none-eabi/lib/thumb/v8-m.main+fp/hard/libc_nano.a
LOAD /opt/st/stm32cubeide_1.12.0/plugins/com.st.stm32cube.ide.mcu.externaltools.gnu-tools-for-stm32.10.3-2021.10.linux64_1.0.200.202301161003/tools/bin/../lib/gcc/arm-none-eabi/10.3.1/../../../../arm-none-eabi/lib/thumb/v8-m.main+fp/hard/libnosys.a
END GROUP
LOAD /opt/st/stm32cubeide_1.12.0/plugins/com.st.stm32cube.ide.mcu.externaltools.gnu-tools-for-stm32.10.3-2021.10.linux64_1.0.200.202301161003/tools/bin/../lib/gcc/arm-none-eabi/10.3.1/thumb/v8-m.main+fp/hard/crtend.o
LOAD /opt/st/stm32cubeide_1.12.0/plugins/com.st.stm32cube.ide.mcu.externaltools.gnu-tools-for-stm32.10.3-2021.10.linux64_1.0.200.202301161003/tools/bin/../lib/gcc/arm-none-eabi/10.3.1/thumb/v8-m.main+fp/hard/crtn.o
                0x0000000020040000                _estack = (ORIGIN (RAM) + LENGTH (RAM))
                0x0000000000000200                _Min_Heap_Size = 0x200
                0x0000000000000400                _Min_Stack_Size = 0x400

.isr_vector     0x0000000020000004      0x434
                0x0000000020000200                . = (. + 0x1fc)
 *fill*         0x0000000020000004      0x1fc 
                0x0000000020000200                . = ALIGN (0x4)
 *(.isr_vector)
 .isr_vector    0x0000000020000200      0x238 ./Core/Startup/startup_stm32u545retxq.o
                0x0000000020000200                g_pfnVectors
                0x0000000020000438                . = ALIGN (0x4)

.ARM.extab
 *(.ARM.extab* .gnu.linkonce.armextab.*)

.ARM            0x0000000020000438        0x0
                0x0000000020000438                __exidx_start = .
 *(.ARM.exidx*)
                0x0000000020000438                __exidx_end = .

.preinit_array  0x0000000020000438        0x0
                0x0000000020000438                PROVIDE (__preinit_array_start = .)
 *(.preinit_array*)
                0x0000000020000438                PROVIDE (__preinit_array_end = .)

.init_array     0x0000000020000438        0x4
                0x0000000020000438                PROVIDE (__init_array_start = .)
 *(SORT_BY_NAME(.init_array.*))
 *(.init_array*)
 .init_array    0x0000000020000438        0x4 /opt/st/stm32cubeide_1.12.0/plugins/com.st.stm32cube.ide.mcu.externaltools.gnu-tools-for-stm32.10.3-2021.10.linux64_1.0.200.202301161003/tools/bin/../lib/gcc/arm-none-eabi/10.3.1/thumb/v8-m.main+fp/hard/crtbegin.o
                0x000000002000043c                PROVIDE (__init_array_end = .)

.fini_array     0x000000002000043c        0x4
                [!provide]                        PROVIDE (__fini_array_start = .)
 *(SORT_BY_NAME(.fini_array.*))
 *(.fini_array*)
 .fini_array    0x000000002000043c        0x4 /opt/st/stm32cubeide_1.12.0/plugins/com.st.stm32cube.ide.mcu.externaltools.gnu-tools-for-stm32.10.3-2021.10.linux64_1.0.200.202301161003/tools/bin/../lib/gcc/arm-none-eabi/10.3.1/thumb/v8-m.main+fp/hard/crtbegin.o
                [!provide]                        PROVIDE (__fini_array_end = .)
                0x0000000020000440                _sidata = LOADADDR (.data)

.data           0x0000000020000440        0xc
                0x0000000020000440                . = ALIGN (0x4)
                0x0000000020000440                _sdata = .
 *(.data)
 *(.data*)
 .data.SystemCoreClock
                0x0000000020000440        0x4 ./Core/Src/system_stm32u5xx.o
                0x0000000020000440                SystemCoreClock
 .data.uwTickPrio
                0x0000000020000444        0x4 ./Drivers/STM32U5xx_HAL_Driver/Src/stm32u5xx_hal.o
                0x0000000020000444                uwTickPrio
 .data.uwTickFreq
                0x0000000020000448        0x1 ./Drivers/STM32U5xx_HAL_Driver/Src/stm32u5xx_hal.o
                0x0000000020000448                uwTickFreq
                0x000000002000044c                . = ALIGN (0x4)
 *fill*         0x0000000020000449        0x3 
                0x000000002000044c                _edata = .

.igot.plt       0x000000002000044c        0x0
 .igot.plt      0x000000002000044c        0x0 /opt/st/stm32cubeide_1.12.0/plugins/com.st.stm32cube.ide.mcu.externaltools.gnu-tools-for-stm32.10.3-2021.10.linux64_1.0.200.202301161003/tools/bin/../lib/gcc/arm-none-eabi/10.3.1/thumb/v8-m.main+fp/hard/crtbegin.o
                0x000000002000044c                . = ALIGN (0x4)

.bss            0x000000002000044c       0x7c
                0x000000002000044c                _sbss = .
                0x000000002000044c                __bss_start__ = _sbss
 *(.bss)
 .bss           0x000000002000044c       0x1c /opt/st/stm32cubeide_1.12.0/plugins/com.st.stm32cube.ide.mcu.externaltools.gnu-tools-for-stm32.10.3-2021.10.linux64_1.0.200.202301161003/tools/bin/../lib/gcc/arm-none-eabi/10.3.1/thumb/v8-m.main+fp/hard/crtbegin.o
 *(.bss*)
 .bss.hospi1    0x0000000020000468       0x5c ./Core/Src/octospi.o
                0x0000000020000468                hospi1
 .bss.uwTick    0x00000000200004c4        0x4 ./Drivers/STM32U5xx_HAL_Driver/Src/stm32u5xx_hal.o
                0x00000000200004c4                uwTick
 *(COMMON)
                0x00000000200004c8                . = ALIGN (0x4)
                0x00000000200004c8                _ebss = .
                0x00000000200004c8                __bss_end__ = _ebss

.text           0x00000000200004c8     0x4264
                0x00000000200004c8                . = ALIGN (0x4)
 *(.text)
 .text          0x00000000200004c8       0x40 /opt/st/stm32cubeide_1.12.0/plugins/com.st.stm32cube.ide.mcu.externaltools.gnu-tools-for-stm32.10.3-2021.10.linux64_1.0.200.202301161003/tools/bin/../lib/gcc/arm-none-eabi/10.3.1/thumb/v8-m.main+fp/hard/crtbegin.o
 .text          0x0000000020000508        0x0 ./Core/Src/Loader_Src.o
 *(.text*)
 .text.Init     0x0000000020000508       0x6c ./Core/Src/Loader_Src.o
                0x0000000020000508                Init
 .text.Write    0x0000000020000574       0x58 ./Core/Src/Loader_Src.o
                0x0000000020000574                Write
 .text.SectorErase
                0x00000000200005cc       0x5c ./Core/Src/Loader_Src.o
                0x00000000200005cc                SectorErase
 .text.MassErase
                0x0000000020000628       0x48 ./Core/Src/Loader_Src.o
                0x0000000020000628                MassErase
 .text.Read     0x0000000020000670       0x58 ./Core/Src/Loader_Src.o
                0x0000000020000670                Read
 .text.MX_GPIO_Init
                0x00000000200006c8       0xc8 ./Core/Src/gpio.o
                0x00000000200006c8                MX_GPIO_Init
 .text.main     0x0000000020000790       0x1a ./Core/Src/main.o
                0x0000000020000790                main
 .text.SystemClock_Config
                0x00000000200007aa       0xb4 ./Core/Src/main.o
                0x00000000200007aa                SystemClock_Config
 .text.SystemPower_Config
                0x000000002000085e       0x18 ./Core/Src/main.o
 .text.Error_Handler
                0x0000000020000876        0xa ./Core/Src/main.o
                0x0000000020000876                Error_Handler
 .text.MX_OCTOSPI1_Init
                0x0000000020000880       0x7c ./Core/Src/octospi.o
                0x0000000020000880                MX_OCTOSPI1_Init
 .text.HAL_OSPI_MspInit
                0x00000000200008fc      0x120 ./Core/Src/octospi.o
                0x00000000200008fc                HAL_OSPI_MspInit
 .text.HAL_MspInit
                0x0000000020000a1c       0x34 ./Core/Src/stm32u5xx_hal_msp.o
                0x0000000020000a1c                HAL_MspInit
 .text.NMI_Handler
                0x0000000020000a50        0x6 ./Core/Src/stm32u5xx_it.o
                0x0000000020000a50                NMI_Handler
 .text.HardFault_Handler
                0x0000000020000a56        0x6 ./Core/Src/stm32u5xx_it.o
                0x0000000020000a56                HardFault_Handler
 .text.MemManage_Handler
                0x0000000020000a5c        0x6 ./Core/Src/stm32u5xx_it.o
                0x0000000020000a5c                MemManage_Handler
 .text.BusFault_Handler
                0x0000000020000a62        0x6 ./Core/Src/stm32u5xx_it.o
                0x0000000020000a62                BusFault_Handler
 .text.UsageFault_Handler
                0x0000000020000a68        0x6 ./Core/Src/stm32u5xx_it.o
                0x0000000020000a68                UsageFault_Handler
 .text.SVC_Handler
                0x0000000020000a6e        0xe ./Core/Src/stm32u5xx_it.o
                0x0000000020000a6e                SVC_Handler
 .text.DebugMon_Handler
                0x0000000020000a7c        0xe ./Core/Src/stm32u5xx_it.o
                0x0000000020000a7c                DebugMon_Handler
 .text.PendSV_Handler
                0x0000000020000a8a        0xe ./Core/Src/stm32u5xx_it.o
                0x0000000020000a8a                PendSV_Handler
 .text.SysTick_Handler
                0x0000000020000a98        0xc ./Core/Src/stm32u5xx_it.o
                0x0000000020000a98                SysTick_Handler
 .text.SystemInit
                0x0000000020000aa4       0x70 ./Core/Src/system_stm32u5xx.o
                0x0000000020000aa4                SystemInit
 .text.OSPI_GetDefaultParams
                0x0000000020000b14       0x6c ./Core/Src/w25q128jvsiq.o
 .text.W25Q128JV_Init
                0x0000000020000b80       0x56 ./Core/Src/w25q128jvsiq.o
                0x0000000020000b80                W25Q128JV_Init
 .text.W25Q128JV_MassEraseSeq
                0x0000000020000bd6       0x90 ./Core/Src/w25q128jvsiq.o
                0x0000000020000bd6                W25Q128JV_MassEraseSeq
 .text.W25Q128JV_AutoPollMemReady
                0x0000000020000c66       0x90 ./Core/Src/w25q128jvsiq.o
 .text.W25Q128JV_WriteEna
                0x0000000020000cf6       0xc2 ./Core/Src/w25q128jvsiq.o
 .text.W25Q128JV_EraseSect4k
                0x0000000020000db8       0xa6 ./Core/Src/w25q128jvsiq.o
                0x0000000020000db8                W25Q128JV_EraseSect4k
 .text.W25Q128JV_WritePage
                0x0000000020000e5e      0x122 ./Core/Src/w25q128jvsiq.o
                0x0000000020000e5e                W25Q128JV_WritePage
 .text.W25Q128JV_ReadBytes
                0x0000000020000f80       0x8c ./Core/Src/w25q128jvsiq.o
                0x0000000020000f80                W25Q128JV_ReadBytes
 .text.W25Q128JV_ResetSeq
                0x000000002000100c       0x80 ./Core/Src/w25q128jvsiq.o
 .text.W25Q128JV_PollMemBusy
                0x000000002000108c       0x3a ./Core/Src/w25q128jvsiq.o
 .text.W25Q128JV_ReadSR1
                0x00000000200010c6       0x68 ./Core/Src/w25q128jvsiq.o
 *fill*         0x000000002000112e        0x2 
 .text.W25Q128JV_VerifyJEDEC_ID
                0x0000000020001130       0xa0 ./Core/Src/w25q128jvsiq.o
 .text.Reset_Handler
                0x00000000200011d0       0x50 ./Core/Startup/startup_stm32u545retxq.o
                0x00000000200011d0                Reset_Handler
 .text.Default_Handler
                0x0000000020001220        0x2 ./Core/Startup/startup_stm32u545retxq.o
                0x0000000020001220                EXTI2_IRQHandler
                0x0000000020001220                TIM8_TRG_COM_IRQHandler
                0x0000000020001220                TIM8_CC_IRQHandler
                0x0000000020001220                EXTI5_IRQHandler
                0x0000000020001220                FLASH_S_IRQHandler
                0x0000000020001220                EXTI13_IRQHandler
                0x0000000020001220                TIM1_CC_IRQHandler
                0x0000000020001220                TSC_IRQHandler
                0x0000000020001220                TAMP_IRQHandler
                0x0000000020001220                TIM6_IRQHandler
                0x0000000020001220                EXTI12_IRQHandler
                0x0000000020001220                CORDIC_IRQHandler
                0x0000000020001220                EXTI3_IRQHandler
                0x0000000020001220                LPTIM4_IRQHandler
                0x0000000020001220                GPDMA1_Channel5_IRQHandler
                0x0000000020001220                EXTI8_IRQHandler
                0x0000000020001220                LPTIM2_IRQHandler
                0x0000000020001220                I2C3_ER_IRQHandler
                0x0000000020001220                PWR_S3WU_IRQHandler
                0x0000000020001220                LPDMA1_Channel3_IRQHandler
                0x0000000020001220                LPTIM3_IRQHandler
                0x0000000020001220                EXTI0_IRQHandler
                0x0000000020001220                I2C2_EV_IRQHandler
                0x0000000020001220                FPU_IRQHandler
                0x0000000020001220                GPDMA1_Channel3_IRQHandler
                0x0000000020001220                GPDMA1_Channel7_IRQHandler
                0x0000000020001220                FDCAN1_IT1_IRQHandler
                0x0000000020001220                RAMCFG_IRQHandler
                0x0000000020001220                GPDMA1_Channel9_IRQHandler
                0x0000000020001220                DCACHE1_IRQHandler
                0x0000000020001220                SPI1_IRQHandler
                0x0000000020001220                OCTOSPI1_IRQHandler
                0x0000000020001220                GPDMA1_Channel2_IRQHandler
                0x0000000020001220                TIM8_UP_IRQHandler
                0x0000000020001220                RCC_S_IRQHandler
                0x0000000020001220                MDF1_FLT1_IRQHandler
                0x0000000020001220                ADC1_IRQHandler
                0x0000000020001220                PKA_IRQHandler
                0x0000000020001220                EXTI15_IRQHandler
                0x0000000020001220                TIM17_IRQHandler
                0x0000000020001220                USART3_IRQHandler
                0x0000000020001220                RTC_IRQHandler
                0x0000000020001220                EXTI9_IRQHandler
                0x0000000020001220                UART5_IRQHandler
                0x0000000020001220                TIM4_IRQHandler
                0x0000000020001220                I2C1_EV_IRQHandler
                0x0000000020001220                GPDMA1_Channel12_IRQHandler
                0x0000000020001220                GPDMA1_Channel1_IRQHandler
                0x0000000020001220                TIM16_IRQHandler
                0x0000000020001220                GPDMA1_Channel15_IRQHandler
                0x0000000020001220                UART4_IRQHandler
                0x0000000020001220                SecureFault_Handler
                0x0000000020001220                TIM3_IRQHandler
                0x0000000020001220                RCC_IRQHandler
                0x0000000020001220                TIM1_TRG_COM_IRQHandler
                0x0000000020001220                Default_Handler
                0x0000000020001220                GPDMA1_Channel8_IRQHandler
                0x0000000020001220                FMAC_IRQHandler
                0x0000000020001220                OTFDEC1_IRQHandler
                0x0000000020001220                GPDMA1_Channel11_IRQHandler
                0x0000000020001220                TIM7_IRQHandler
                0x0000000020001220                SDMMC1_IRQHandler
                0x0000000020001220                SAES_IRQHandler
                0x0000000020001220                TIM5_IRQHandler
                0x0000000020001220                GPDMA1_Channel0_IRQHandler
                0x0000000020001220                TIM15_IRQHandler
                0x0000000020001220                I2C3_EV_IRQHandler
                0x0000000020001220                USB_IRQHandler
                0x0000000020001220                LPDMA1_Channel0_IRQHandler
                0x0000000020001220                PVD_PVM_IRQHandler
                0x0000000020001220                SPI2_IRQHandler
                0x0000000020001220                LPDMA1_Channel1_IRQHandler
                0x0000000020001220                EXTI14_IRQHandler
                0x0000000020001220                EXTI11_IRQHandler
                0x0000000020001220                CRS_IRQHandler
                0x0000000020001220                GPDMA1_Channel14_IRQHandler
                0x0000000020001220                LSECSSD_IRQHandler
                0x0000000020001220                EXTI4_IRQHandler
                0x0000000020001220                RTC_S_IRQHandler
                0x0000000020001220                GPDMA1_Channel13_IRQHandler
                0x0000000020001220                RNG_IRQHandler
                0x0000000020001220                COMP_IRQHandler
                0x0000000020001220                TIM1_UP_IRQHandler
                0x0000000020001220                ADC4_IRQHandler
                0x0000000020001220                WWDG_IRQHandler
                0x0000000020001220                I2C4_EV_IRQHandler
                0x0000000020001220                ADF1_IRQHandler
                0x0000000020001220                IWDG_IRQHandler
                0x0000000020001220                LPUART1_IRQHandler
                0x0000000020001220                MDF1_FLT0_IRQHandler
                0x0000000020001220                FDCAN1_IT0_IRQHandler
                0x0000000020001220                TIM2_IRQHandler
                0x0000000020001220                GPDMA1_Channel4_IRQHandler
                0x0000000020001220                EXTI7_IRQHandler
                0x0000000020001220                TIM1_BRK_IRQHandler
                0x0000000020001220                EXTI1_IRQHandler
                0x0000000020001220                AES_IRQHandler
                0x0000000020001220                DAC1_IRQHandler
                0x0000000020001220                GTZC_IRQHandler
                0x0000000020001220                GPDMA1_Channel6_IRQHandler
                0x0000000020001220                I2C2_ER_IRQHandler
                0x0000000020001220                TIM8_BRK_IRQHandler
                0x0000000020001220                FLASH_IRQHandler
                0x0000000020001220                USART1_IRQHandler
                0x0000000020001220                EXTI10_IRQHandler
                0x0000000020001220                SPI3_IRQHandler
                0x0000000020001220                LPDMA1_Channel2_IRQHandler
                0x0000000020001220                I2C1_ER_IRQHandler
                0x0000000020001220                EXTI6_IRQHandler
                0x0000000020001220                LPTIM1_IRQHandler
                0x0000000020001220                DCMI_PSSI_IRQHandler
                0x0000000020001220                I2C4_ER_IRQHandler
                0x0000000020001220                GPDMA1_Channel10_IRQHandler
                0x0000000020001220                ICACHE_IRQHandler
                0x0000000020001220                SAI1_IRQHandler
                0x0000000020001220                HASH_IRQHandler
 *fill*         0x0000000020001222        0x2 
 .text.HAL_Init
                0x0000000020001224       0x5c ./Drivers/STM32U5xx_HAL_Driver/Src/stm32u5xx_hal.o
                0x0000000020001224                HAL_Init
 .text.HAL_DeInit
                0x0000000020001280       0x80 ./Drivers/STM32U5xx_HAL_Driver/Src/stm32u5xx_hal.o
                0x0000000020001280                HAL_DeInit
 .text.HAL_MspDeInit
                0x0000000020001300        0xe ./Drivers/STM32U5xx_HAL_Driver/Src/stm32u5xx_hal.o
                0x0000000020001300                HAL_MspDeInit
 *fill*         0x000000002000130e        0x2 
 .text.HAL_InitTick
                0x0000000020001310       0x6c ./Drivers/STM32U5xx_HAL_Driver/Src/stm32u5xx_hal.o
                0x0000000020001310                HAL_InitTick
 .text.HAL_IncTick
                0x000000002000137c       0x28 ./Drivers/STM32U5xx_HAL_Driver/Src/stm32u5xx_hal.o
                0x000000002000137c                HAL_IncTick
 .text.HAL_GetTick
                0x00000000200013a4       0x18 ./Drivers/STM32U5xx_HAL_Driver/Src/stm32u5xx_hal.o
                0x00000000200013a4                HAL_GetTick
 .text.HAL_Delay
                0x00000000200013bc       0x48 ./Drivers/STM32U5xx_HAL_Driver/Src/stm32u5xx_hal.o
                0x00000000200013bc                HAL_Delay
 .text.__NVIC_SetPriorityGrouping
                0x0000000020001404       0x48 ./Drivers/STM32U5xx_HAL_Driver/Src/stm32u5xx_hal_cortex.o
 .text.__NVIC_GetPriorityGrouping
                0x000000002000144c       0x1c ./Drivers/STM32U5xx_HAL_Driver/Src/stm32u5xx_hal_cortex.o
 .text.__NVIC_SetPriority
                0x0000000020001468       0x54 ./Drivers/STM32U5xx_HAL_Driver/Src/stm32u5xx_hal_cortex.o
 .text.NVIC_EncodePriority
                0x00000000200014bc       0x66 ./Drivers/STM32U5xx_HAL_Driver/Src/stm32u5xx_hal_cortex.o
 *fill*         0x0000000020001522        0x2 
 .text.SysTick_Config
                0x0000000020001524       0x44 ./Drivers/STM32U5xx_HAL_Driver/Src/stm32u5xx_hal_cortex.o
 .text.HAL_NVIC_SetPriorityGrouping
                0x0000000020001568       0x16 ./Drivers/STM32U5xx_HAL_Driver/Src/stm32u5xx_hal_cortex.o
                0x0000000020001568                HAL_NVIC_SetPriorityGrouping
 .text.HAL_NVIC_SetPriority
                0x000000002000157e       0x34 ./Drivers/STM32U5xx_HAL_Driver/Src/stm32u5xx_hal_cortex.o
                0x000000002000157e                HAL_NVIC_SetPriority
 .text.HAL_SYSTICK_Config
                0x00000000200015b2       0x18 ./Drivers/STM32U5xx_HAL_Driver/Src/stm32u5xx_hal_cortex.o
                0x00000000200015b2                HAL_SYSTICK_Config
 *fill*         0x00000000200015ca        0x2 
 .text.HAL_GPIO_Init
                0x00000000200015cc      0x3b0 ./Drivers/STM32U5xx_HAL_Driver/Src/stm32u5xx_hal_gpio.o
                0x00000000200015cc                HAL_GPIO_Init
 .text.HAL_GPIO_WritePin
                0x000000002000197c       0x30 ./Drivers/STM32U5xx_HAL_Driver/Src/stm32u5xx_hal_gpio.o
                0x000000002000197c                HAL_GPIO_WritePin
 .text.HAL_OSPI_Init
                0x00000000200019ac      0x178 ./Drivers/STM32U5xx_HAL_Driver/Src/stm32u5xx_hal_ospi.o
                0x00000000200019ac                HAL_OSPI_Init
 .text.HAL_OSPI_Command
                0x0000000020001b24      0x11a ./Drivers/STM32U5xx_HAL_Driver/Src/stm32u5xx_hal_ospi.o
                0x0000000020001b24                HAL_OSPI_Command
 .text.HAL_OSPI_Transmit
                0x0000000020001c3e       0xe6 ./Drivers/STM32U5xx_HAL_Driver/Src/stm32u5xx_hal_ospi.o
                0x0000000020001c3e                HAL_OSPI_Transmit
 .text.HAL_OSPI_Receive
                0x0000000020001d24      0x146 ./Drivers/STM32U5xx_HAL_Driver/Src/stm32u5xx_hal_ospi.o
                0x0000000020001d24                HAL_OSPI_Receive
 .text.HAL_OSPI_AutoPolling
                0x0000000020001e6a      0x10e ./Drivers/STM32U5xx_HAL_Driver/Src/stm32u5xx_hal_ospi.o
                0x0000000020001e6a                HAL_OSPI_AutoPolling
 .text.HAL_OSPI_SetTimeout
                0x0000000020001f78       0x1e ./Drivers/STM32U5xx_HAL_Driver/Src/stm32u5xx_hal_ospi.o
                0x0000000020001f78                HAL_OSPI_SetTimeout
 .text.HAL_OSPI_GetState
                0x0000000020001f96       0x18 ./Drivers/STM32U5xx_HAL_Driver/Src/stm32u5xx_hal_ospi.o
                0x0000000020001f96                HAL_OSPI_GetState
 .text.OSPI_WaitFlagStateUntilTimeout
                0x0000000020001fae       0x7e ./Drivers/STM32U5xx_HAL_Driver/Src/stm32u5xx_hal_ospi.o
 .text.OSPI_ConfigCmd
                0x000000002000202c      0x2f4 ./Drivers/STM32U5xx_HAL_Driver/Src/stm32u5xx_hal_ospi.o
 .text.HAL_PWREx_ControlVoltageScaling
                0x0000000020002320       0xfc ./Drivers/STM32U5xx_HAL_Driver/Src/stm32u5xx_hal_pwr_ex.o
                0x0000000020002320                HAL_PWREx_ControlVoltageScaling
 .text.HAL_PWREx_GetVoltageRange
                0x000000002000241c       0x1c ./Drivers/STM32U5xx_HAL_Driver/Src/stm32u5xx_hal_pwr_ex.o
                0x000000002000241c                HAL_PWREx_GetVoltageRange
 .text.HAL_PWREx_ConfigSupply
                0x0000000020002438       0xa0 ./Drivers/STM32U5xx_HAL_Driver/Src/stm32u5xx_hal_pwr_ex.o
                0x0000000020002438                HAL_PWREx_ConfigSupply
 .text.HAL_RCC_OscConfig
                0x00000000200024d8      0xdb8 ./Drivers/STM32U5xx_HAL_Driver/Src/stm32u5xx_hal_rcc.o
                0x00000000200024d8                HAL_RCC_OscConfig
 .text.HAL_RCC_ClockConfig
                0x0000000020003290      0x3e4 ./Drivers/STM32U5xx_HAL_Driver/Src/stm32u5xx_hal_rcc.o
                0x0000000020003290                HAL_RCC_ClockConfig
 .text.HAL_RCC_GetSysClockFreq
                0x0000000020003674      0x210 ./Drivers/STM32U5xx_HAL_Driver/Src/stm32u5xx_hal_rcc.o
                0x0000000020003674                HAL_RCC_GetSysClockFreq
 .text.HAL_RCC_GetHCLKFreq
                0x0000000020003884       0x34 ./Drivers/STM32U5xx_HAL_Driver/Src/stm32u5xx_hal_rcc.o
                0x0000000020003884                HAL_RCC_GetHCLKFreq
 .text.RCC_SetFlashLatencyFromMSIRange
                0x00000000200038b8      0x10c ./Drivers/STM32U5xx_HAL_Driver/Src/stm32u5xx_hal_rcc.o
 .text.HAL_RCCEx_PeriphCLKConfig
                0x00000000200039c4      0xa7c ./Drivers/STM32U5xx_HAL_Driver/Src/stm32u5xx_hal_rcc_ex.o
                0x00000000200039c4                HAL_RCCEx_PeriphCLKConfig
 .text.RCCEx_PLL2_Config
                0x0000000020004440      0x130 ./Drivers/STM32U5xx_HAL_Driver/Src/stm32u5xx_hal_rcc_ex.o
 .text.RCCEx_PLL3_Config
                0x0000000020004570      0x130 ./Drivers/STM32U5xx_HAL_Driver/Src/stm32u5xx_hal_rcc_ex.o
 .text.__libc_init_array
                0x00000000200046a0       0x48 /opt/st/stm32cubeide_1.12.0/plugins/com.st.stm32cube.ide.mcu.externaltools.gnu-tools-for-stm32.10.3-2021.10.linux64_1.0.200.202301161003/tools/bin/../lib/gcc/arm-none-eabi/10.3.1/../../../../arm-none-eabi/lib/thumb/v8-m.main+fp/hard/libc_nano.a(lib_a-init.o)
                0x00000000200046a0                __libc_init_array
 .text.memcpy   0x00000000200046e8       0x1a /opt/st/stm32cubeide_1.12.0/plugins/com.st.stm32cube.ide.mcu.externaltools.gnu-tools-for-stm32.10.3-2021.10.linux64_1.0.200.202301161003/tools/bin/../lib/gcc/arm-none-eabi/10.3.1/../../../../arm-none-eabi/lib/thumb/v8-m.main+fp/hard/libc_nano.a(lib_a-memcpy-stub.o)
                0x00000000200046e8                memcpy
 .text.memset   0x0000000020004702       0x10 /opt/st/stm32cubeide_1.12.0/plugins/com.st.stm32cube.ide.mcu.externaltools.gnu-tools-for-stm32.10.3-2021.10.linux64_1.0.200.202301161003/tools/bin/../lib/gcc/arm-none-eabi/10.3.1/../../../../arm-none-eabi/lib/thumb/v8-m.main+fp/hard/libc_nano.a(lib_a-memset.o)
                0x0000000020004702                memset
 *(.glue_7)
 .glue_7        0x0000000020004712        0x0 linker stubs
 *(.glue_7t)
 .glue_7t       0x0000000020004712        0x0 linker stubs
 *(.eh_frame)
 *fill*         0x0000000020004712        0x2 
 .eh_frame      0x0000000020004714        0x0 /opt/st/stm32cubeide_1.12.0/plugins/com.st.stm32cube.ide.mcu.externaltools.gnu-tools-for-stm32.10.3-2021.10.linux64_1.0.200.202301161003/tools/bin/../lib/gcc/arm-none-eabi/10.3.1/thumb/v8-m.main+fp/hard/crtbegin.o
 *Loader_Src.o(.text*)
 *(.init)
 .init          0x0000000020004714        0x4 /opt/st/stm32cubeide_1.12.0/plugins/com.st.stm32cube.ide.mcu.externaltools.gnu-tools-for-stm32.10.3-2021.10.linux64_1.0.200.202301161003/tools/bin/../lib/gcc/arm-none-eabi/10.3.1/thumb/v8-m.main+fp/hard/crti.o
                0x0000000020004714                _init
 .init          0x0000000020004718        0x8 /opt/st/stm32cubeide_1.12.0/plugins/com.st.stm32cube.ide.mcu.externaltools.gnu-tools-for-stm32.10.3-2021.10.linux64_1.0.200.202301161003/tools/bin/../lib/gcc/arm-none-eabi/10.3.1/thumb/v8-m.main+fp/hard/crtn.o
 *(.fini)
 .fini          0x0000000020004720        0x4 /opt/st/stm32cubeide_1.12.0/plugins/com.st.stm32cube.ide.mcu.externaltools.gnu-tools-for-stm32.10.3-2021.10.linux64_1.0.200.202301161003/tools/bin/../lib/gcc/arm-none-eabi/10.3.1/thumb/v8-m.main+fp/hard/crti.o
                0x0000000020004720                _fini
 .fini          0x0000000020004724        0x8 /opt/st/stm32cubeide_1.12.0/plugins/com.st.stm32cube.ide.mcu.externaltools.gnu-tools-for-stm32.10.3-2021.10.linux64_1.0.200.202301161003/tools/bin/../lib/gcc/arm-none-eabi/10.3.1/thumb/v8-m.main+fp/hard/crtn.o
                0x000000002000472c                . = ALIGN (0x4)
                0x000000002000472c                _etext = .

.vfp11_veneer   0x000000002000472c        0x0
 .vfp11_veneer  0x000000002000472c        0x0 linker stubs

.v4_bx          0x000000002000472c        0x0
 .v4_bx         0x000000002000472c        0x0 linker stubs

.iplt           0x000000002000472c        0x0
 .iplt          0x000000002000472c        0x0 /opt/st/stm32cubeide_1.12.0/plugins/com.st.stm32cube.ide.mcu.externaltools.gnu-tools-for-stm32.10.3-2021.10.linux64_1.0.200.202301161003/tools/bin/../lib/gcc/arm-none-eabi/10.3.1/thumb/v8-m.main+fp/hard/crtbegin.o

.Dev_info       0x000000002000472c       0xc8
 *Dev_Inf.o(.rodata*)
 .rodata.StorageInfo
                0x000000002000472c       0xc8 ./Core/Src/Dev_Inf.o
                0x000000002000472c                StorageInfo

.rodata         0x00000000200047f4       0xd4
                0x00000000200047f4                . = ALIGN (0x4)
 *(.rodata)
 .rodata        0x00000000200047f4        0x3 ./Core/Src/w25q128jvsiq.o
 *(.rodata*)
 *fill*         0x00000000200047f7        0x1 
 .rodata.AHBPrescTable
                0x00000000200047f8       0x10 ./Core/Src/system_stm32u5xx.o
                0x00000000200047f8                AHBPrescTable
 .rodata.MSIRangeTable
                0x0000000020004808       0x40 ./Core/Src/system_stm32u5xx.o
                0x0000000020004808                MSIRangeTable
 .rodata.LPGPIO_Map
                0x0000000020004848       0x80 ./Drivers/STM32U5xx_HAL_Driver/Src/stm32u5xx_hal_gpio.o
                0x00000000200048c8                . = ALIGN (0x4)

.rel.dyn        0x00000000200048c8        0x0
 .rel.iplt      0x00000000200048c8        0x0 /opt/st/stm32cubeide_1.12.0/plugins/com.st.stm32cube.ide.mcu.externaltools.gnu-tools-for-stm32.10.3-2021.10.linux64_1.0.200.202301161003/tools/bin/../lib/gcc/arm-none-eabi/10.3.1/thumb/v8-m.main+fp/hard/crtbegin.o

._user_heap_stack
                0x00000000200048c8      0x600
                0x00000000200048c8                . = ALIGN (0x4)
                [!provide]                        PROVIDE (end = .)
                0x00000000200048c8                PROVIDE (_end = .)
                0x0000000020004ac8                . = (. + _Min_Heap_Size)
 *fill*         0x00000000200048c8      0x200 
                0x0000000020004ec8                . = (. + _Min_Stack_Size)
 *fill*         0x0000000020004ac8      0x400 
                0x0000000020004ec8                . = ALIGN (0x4)

/DISCARD/
 libc.a(*)
 libm.a(*)
 libgcc.a(*)

.ARM.attributes
                0x0000000000000000       0x36
 *(.ARM.attributes)
 .ARM.attributes
                0x0000000000000000       0x22 /opt/st/stm32cubeide_1.12.0/plugins/com.st.stm32cube.ide.mcu.externaltools.gnu-tools-for-stm32.10.3-2021.10.linux64_1.0.200.202301161003/tools/bin/../lib/gcc/arm-none-eabi/10.3.1/thumb/v8-m.main+fp/hard/crti.o
 .ARM.attributes
                0x0000000000000022       0x38 /opt/st/stm32cubeide_1.12.0/plugins/com.st.stm32cube.ide.mcu.externaltools.gnu-tools-for-stm32.10.3-2021.10.linux64_1.0.200.202301161003/tools/bin/../lib/gcc/arm-none-eabi/10.3.1/thumb/v8-m.main+fp/hard/crtbegin.o
 .ARM.attributes
                0x000000000000005a       0x3a ./Core/Src/Dev_Inf.o
 .ARM.attributes
                0x0000000000000094       0x3a ./Core/Src/Loader_Src.o
 .ARM.attributes
                0x00000000000000ce       0x3a ./Core/Src/gpio.o
 .ARM.attributes
                0x0000000000000108       0x3a ./Core/Src/main.o
 .ARM.attributes
                0x0000000000000142       0x3a ./Core/Src/octospi.o
 .ARM.attributes
                0x000000000000017c       0x3a ./Core/Src/stm32u5xx_hal_msp.o
 .ARM.attributes
                0x00000000000001b6       0x3a ./Core/Src/stm32u5xx_it.o
 .ARM.attributes
                0x00000000000001f0       0x3a ./Core/Src/system_stm32u5xx.o
 .ARM.attributes
                0x000000000000022a       0x3a ./Core/Src/w25q128jvsiq.o
 .ARM.attributes
                0x0000000000000264       0x24 ./Core/Startup/startup_stm32u545retxq.o
 .ARM.attributes
                0x0000000000000288       0x3a ./Drivers/STM32U5xx_HAL_Driver/Src/stm32u5xx_hal.o
 .ARM.attributes
                0x00000000000002c2       0x3a ./Drivers/STM32U5xx_HAL_Driver/Src/stm32u5xx_hal_cortex.o
 .ARM.attributes
                0x00000000000002fc       0x3a ./Drivers/STM32U5xx_HAL_Driver/Src/stm32u5xx_hal_gpio.o
 .ARM.attributes
                0x0000000000000336       0x3a ./Drivers/STM32U5xx_HAL_Driver/Src/stm32u5xx_hal_ospi.o
 .ARM.attributes
                0x0000000000000370       0x3a ./Drivers/STM32U5xx_HAL_Driver/Src/stm32u5xx_hal_pwr_ex.o
 .ARM.attributes
                0x00000000000003aa       0x3a ./Drivers/STM32U5xx_HAL_Driver/Src/stm32u5xx_hal_rcc.o
 .ARM.attributes
                0x00000000000003e4       0x3a ./Drivers/STM32U5xx_HAL_Driver/Src/stm32u5xx_hal_rcc_ex.o
 .ARM.attributes
                0x000000000000041e       0x38 /opt/st/stm32cubeide_1.12.0/plugins/com.st.stm32cube.ide.mcu.externaltools.gnu-tools-for-stm32.10.3-2021.10.linux64_1.0.200.202301161003/tools/bin/../lib/gcc/arm-none-eabi/10.3.1/../../../../arm-none-eabi/lib/thumb/v8-m.main+fp/hard/libc_nano.a(lib_a-init.o)
 .ARM.attributes
                0x0000000000000456       0x38 /opt/st/stm32cubeide_1.12.0/plugins/com.st.stm32cube.ide.mcu.externaltools.gnu-tools-for-stm32.10.3-2021.10.linux64_1.0.200.202301161003/tools/bin/../lib/gcc/arm-none-eabi/10.3.1/../../../../arm-none-eabi/lib/thumb/v8-m.main+fp/hard/libc_nano.a(lib_a-memcpy-stub.o)
 .ARM.attributes
                0x000000000000048e       0x38 /opt/st/stm32cubeide_1.12.0/plugins/com.st.stm32cube.ide.mcu.externaltools.gnu-tools-for-stm32.10.3-2021.10.linux64_1.0.200.202301161003/tools/bin/../lib/gcc/arm-none-eabi/10.3.1/../../../../arm-none-eabi/lib/thumb/v8-m.main+fp/hard/libc_nano.a(lib_a-memset.o)
 .ARM.attributes
                0x00000000000004c6       0x22 /opt/st/stm32cubeide_1.12.0/plugins/com.st.stm32cube.ide.mcu.externaltools.gnu-tools-for-stm32.10.3-2021.10.linux64_1.0.200.202301161003/tools/bin/../lib/gcc/arm-none-eabi/10.3.1/thumb/v8-m.main+fp/hard/crtn.o
OUTPUT(W25Q128JV_STM32U545REQ-NUCLEO_EXTLOADER.elf elf32-littlearm)
LOAD linker stubs
LOAD /opt/st/stm32cubeide_1.12.0/plugins/com.st.stm32cube.ide.mcu.externaltools.gnu-tools-for-stm32.10.3-2021.10.linux64_1.0.200.202301161003/tools/bin/../lib/gcc/arm-none-eabi/10.3.1/../../../../arm-none-eabi/lib/thumb/v8-m.main+fp/hard/libc.a
LOAD /opt/st/stm32cubeide_1.12.0/plugins/com.st.stm32cube.ide.mcu.externaltools.gnu-tools-for-stm32.10.3-2021.10.linux64_1.0.200.202301161003/tools/bin/../lib/gcc/arm-none-eabi/10.3.1/../../../../arm-none-eabi/lib/thumb/v8-m.main+fp/hard/libm.a
LOAD /opt/st/stm32cubeide_1.12.0/plugins/com.st.stm32cube.ide.mcu.externaltools.gnu-tools-for-stm32.10.3-2021.10.linux64_1.0.200.202301161003/tools/bin/../lib/gcc/arm-none-eabi/10.3.1/thumb/v8-m.main+fp/hard/libgcc.a

.debug_info     0x0000000000000000     0xd138
 .debug_info    0x0000000000000000      0x164 ./Core/Src/Dev_Inf.o
 .debug_info    0x0000000000000164     0x10aa ./Core/Src/Loader_Src.o
 .debug_info    0x000000000000120e      0x687 ./Core/Src/gpio.o
 .debug_info    0x0000000000001895      0x3d4 ./Core/Src/main.o
 .debug_info    0x0000000000001c69     0x1339 ./Core/Src/octospi.o
 .debug_info    0x0000000000002fa2      0x48d ./Core/Src/stm32u5xx_hal_msp.o
 .debug_info    0x000000000000342f      0x137 ./Core/Src/stm32u5xx_it.o
 .debug_info    0x0000000000003566      0x8f2 ./Core/Src/system_stm32u5xx.o
 .debug_info    0x0000000000003e58     0x1016 ./Core/Src/w25q128jvsiq.o
 .debug_info    0x0000000000004e6e       0x22 ./Core/Startup/startup_stm32u545retxq.o
 .debug_info    0x0000000000004e90     0x111f ./Drivers/STM32U5xx_HAL_Driver/Src/stm32u5xx_hal.o
 .debug_info    0x0000000000005faf     0x1595 ./Drivers/STM32U5xx_HAL_Driver/Src/stm32u5xx_hal_cortex.o
 .debug_info    0x0000000000007544      0x8e3 ./Drivers/STM32U5xx_HAL_Driver/Src/stm32u5xx_hal_gpio.o
 .debug_info    0x0000000000007e27     0x1b91 ./Drivers/STM32U5xx_HAL_Driver/Src/stm32u5xx_hal_ospi.o
 .debug_info    0x00000000000099b8      0xe1d ./Drivers/STM32U5xx_HAL_Driver/Src/stm32u5xx_hal_pwr_ex.o
 .debug_info    0x000000000000a7d5     0x130a ./Drivers/STM32U5xx_HAL_Driver/Src/stm32u5xx_hal_rcc.o
 .debug_info    0x000000000000badf     0x1659 ./Drivers/STM32U5xx_HAL_Driver/Src/stm32u5xx_hal_rcc_ex.o

.debug_abbrev   0x0000000000000000     0x1e2e
 .debug_abbrev  0x0000000000000000       0x86 ./Core/Src/Dev_Inf.o
 .debug_abbrev  0x0000000000000086      0x208 ./Core/Src/Loader_Src.o
 .debug_abbrev  0x000000000000028e      0x16d ./Core/Src/gpio.o
 .debug_abbrev  0x00000000000003fb      0x17e ./Core/Src/main.o
 .debug_abbrev  0x0000000000000579      0x218 ./Core/Src/octospi.o
 .debug_abbrev  0x0000000000000791       0xda ./Core/Src/stm32u5xx_hal_msp.o
 .debug_abbrev  0x000000000000086b       0x74 ./Core/Src/stm32u5xx_it.o
 .debug_abbrev  0x00000000000008df      0x127 ./Core/Src/system_stm32u5xx.o
 .debug_abbrev  0x0000000000000a06      0x266 ./Core/Src/w25q128jvsiq.o
 .debug_abbrev  0x0000000000000c6c       0x12 ./Core/Startup/startup_stm32u545retxq.o
 .debug_abbrev  0x0000000000000c7e      0x285 ./Drivers/STM32U5xx_HAL_Driver/Src/stm32u5xx_hal.o
 .debug_abbrev  0x0000000000000f03      0x303 ./Drivers/STM32U5xx_HAL_Driver/Src/stm32u5xx_hal_cortex.o
 .debug_abbrev  0x0000000000001206      0x246 ./Drivers/STM32U5xx_HAL_Driver/Src/stm32u5xx_hal_gpio.o
 .debug_abbrev  0x000000000000144c      0x2f1 ./Drivers/STM32U5xx_HAL_Driver/Src/stm32u5xx_hal_ospi.o
 .debug_abbrev  0x000000000000173d      0x20d ./Drivers/STM32U5xx_HAL_Driver/Src/stm32u5xx_hal_pwr_ex.o
 .debug_abbrev  0x000000000000194a      0x2b9 ./Drivers/STM32U5xx_HAL_Driver/Src/stm32u5xx_hal_rcc.o
 .debug_abbrev  0x0000000000001c03      0x22b ./Drivers/STM32U5xx_HAL_Driver/Src/stm32u5xx_hal_rcc_ex.o

.debug_aranges  0x0000000000000000      0xa78
 .debug_aranges
                0x0000000000000000       0x18 ./Core/Src/Dev_Inf.o
 .debug_aranges
                0x0000000000000018       0x40 ./Core/Src/Loader_Src.o
 .debug_aranges
                0x0000000000000058       0x20 ./Core/Src/gpio.o
 .debug_aranges
                0x0000000000000078       0x38 ./Core/Src/main.o
 .debug_aranges
                0x00000000000000b0       0x30 ./Core/Src/octospi.o
 .debug_aranges
                0x00000000000000e0       0x20 ./Core/Src/stm32u5xx_hal_msp.o
 .debug_aranges
                0x0000000000000100       0x60 ./Core/Src/stm32u5xx_it.o
 .debug_aranges
                0x0000000000000160       0x28 ./Core/Src/system_stm32u5xx.o
 .debug_aranges
                0x0000000000000188       0x78 ./Core/Src/w25q128jvsiq.o
 .debug_aranges
                0x0000000000000200       0x28 ./Core/Startup/startup_stm32u545retxq.o
 .debug_aranges
                0x0000000000000228      0x138 ./Drivers/STM32U5xx_HAL_Driver/Src/stm32u5xx_hal.o
 .debug_aranges
                0x0000000000000360      0x130 ./Drivers/STM32U5xx_HAL_Driver/Src/stm32u5xx_hal_cortex.o
 .debug_aranges
                0x0000000000000490       0x78 ./Drivers/STM32U5xx_HAL_Driver/Src/stm32u5xx_hal_gpio.o
 .debug_aranges
                0x0000000000000508      0x188 ./Drivers/STM32U5xx_HAL_Driver/Src/stm32u5xx_hal_ospi.o
 .debug_aranges
                0x0000000000000690      0x1e0 ./Drivers/STM32U5xx_HAL_Driver/Src/stm32u5xx_hal_pwr_ex.o
 .debug_aranges
                0x0000000000000870       0xa8 ./Drivers/STM32U5xx_HAL_Driver/Src/stm32u5xx_hal_rcc.o
 .debug_aranges
                0x0000000000000918      0x160 ./Drivers/STM32U5xx_HAL_Driver/Src/stm32u5xx_hal_rcc_ex.o

.debug_macro    0x0000000000000000    0x2c57a
 .debug_macro   0x0000000000000000      0x289 ./Core/Src/Dev_Inf.o
 .debug_macro   0x0000000000000289      0xa78 ./Core/Src/Dev_Inf.o
 .debug_macro   0x0000000000000d01       0x4c ./Core/Src/Dev_Inf.o
 .debug_macro   0x0000000000000d4d      0x1da ./Core/Src/Dev_Inf.o
 .debug_macro   0x0000000000000f27       0x2e ./Core/Src/Dev_Inf.o
 .debug_macro   0x0000000000000f55       0x42 ./Core/Src/Dev_Inf.o
 .debug_macro   0x0000000000000f97       0x22 ./Core/Src/Dev_Inf.o
 .debug_macro   0x0000000000000fb9       0x8e ./Core/Src/Dev_Inf.o
 .debug_macro   0x0000000000001047       0x51 ./Core/Src/Dev_Inf.o
 .debug_macro   0x0000000000001098      0x103 ./Core/Src/Dev_Inf.o
 .debug_macro   0x000000000000119b       0x6a ./Core/Src/Dev_Inf.o
 .debug_macro   0x0000000000001205      0x1df ./Core/Src/Dev_Inf.o
 .debug_macro   0x00000000000013e4       0x1c ./Core/Src/Dev_Inf.o
 .debug_macro   0x0000000000001400       0x29 ./Core/Src/Dev_Inf.o
 .debug_macro   0x0000000000001429       0xfb ./Core/Src/Dev_Inf.o
 .debug_macro   0x0000000000001524     0x1336 ./Core/Src/Dev_Inf.o
 .debug_macro   0x000000000000285a       0x5e ./Core/Src/Dev_Inf.o
 .debug_macro   0x00000000000028b8    0x1e7be ./Core/Src/Dev_Inf.o
 .debug_macro   0x0000000000021076       0x6d ./Core/Src/Dev_Inf.o
 .debug_macro   0x00000000000210e3     0x3882 ./Core/Src/Dev_Inf.o
 .debug_macro   0x0000000000024965      0x174 ./Core/Src/Dev_Inf.o
 .debug_macro   0x0000000000024ad9       0x52 ./Core/Src/Dev_Inf.o
 .debug_macro   0x0000000000024b2b       0x1e ./Core/Src/Dev_Inf.o
 .debug_macro   0x0000000000024b49       0x3c ./Core/Src/Dev_Inf.o
 .debug_macro   0x0000000000024b85       0x34 ./Core/Src/Dev_Inf.o
 .debug_macro   0x0000000000024bb9       0x16 ./Core/Src/Dev_Inf.o
 .debug_macro   0x0000000000024bcf       0x43 ./Core/Src/Dev_Inf.o
 .debug_macro   0x0000000000024c12       0x34 ./Core/Src/Dev_Inf.o
 .debug_macro   0x0000000000024c46       0x10 ./Core/Src/Dev_Inf.o
 .debug_macro   0x0000000000024c56       0x58 ./Core/Src/Dev_Inf.o
 .debug_macro   0x0000000000024cae       0x71 ./Core/Src/Dev_Inf.o
 .debug_macro   0x0000000000024d1f       0x1c ./Core/Src/Dev_Inf.o
 .debug_macro   0x0000000000024d3b      0x12a ./Core/Src/Dev_Inf.o
 .debug_macro   0x0000000000024e65      0x341 ./Core/Src/Dev_Inf.o
 .debug_macro   0x00000000000251a6      0x19b ./Core/Src/Dev_Inf.o
 .debug_macro   0x0000000000025341       0x5d ./Core/Src/Dev_Inf.o
 .debug_macro   0x000000000002539e     0x1933 ./Core/Src/Dev_Inf.o
 .debug_macro   0x0000000000026cd1      0x796 ./Core/Src/Dev_Inf.o
 .debug_macro   0x0000000000027467      0x15f ./Core/Src/Dev_Inf.o
 .debug_macro   0x00000000000275c6      0x250 ./Core/Src/Dev_Inf.o
 .debug_macro   0x0000000000027816      0x574 ./Core/Src/Dev_Inf.o
 .debug_macro   0x0000000000027d8a      0x447 ./Core/Src/Dev_Inf.o
 .debug_macro   0x00000000000281d1       0xd6 ./Core/Src/Dev_Inf.o
 .debug_macro   0x00000000000282a7      0x1cd ./Core/Src/Dev_Inf.o
 .debug_macro   0x0000000000028474      0x42b ./Core/Src/Dev_Inf.o
 .debug_macro   0x000000000002889f       0x95 ./Core/Src/Dev_Inf.o
 .debug_macro   0x0000000000028934      0x11c ./Core/Src/Dev_Inf.o
 .debug_macro   0x0000000000028a50      0x517 ./Core/Src/Dev_Inf.o
 .debug_macro   0x0000000000028f67      0x448 ./Core/Src/Dev_Inf.o
 .debug_macro   0x00000000000293af       0x1c ./Core/Src/Dev_Inf.o
 .debug_macro   0x00000000000293cb      0x48d ./Core/Src/Dev_Inf.o
 .debug_macro   0x0000000000029858      0x1b8 ./Core/Src/Dev_Inf.o
 .debug_macro   0x0000000000029a10      0x361 ./Core/Src/Dev_Inf.o
 .debug_macro   0x0000000000029d71       0x1c ./Core/Src/Dev_Inf.o
 .debug_macro   0x0000000000029d8d       0x76 ./Core/Src/Dev_Inf.o
 .debug_macro   0x0000000000029e03      0x29a ./Core/Src/Loader_Src.o
 .debug_macro   0x000000000002a09d      0x277 ./Core/Src/gpio.o
 .debug_macro   0x000000000002a314      0x28e ./Core/Src/main.o
 .debug_macro   0x000000000002a5a2      0x280 ./Core/Src/octospi.o
 .debug_macro   0x000000000002a822      0x26d ./Core/Src/stm32u5xx_hal_msp.o
 .debug_macro   0x000000000002aa8f      0x277 ./Core/Src/stm32u5xx_it.o
 .debug_macro   0x000000000002ad06      0x265 ./Core/Src/system_stm32u5xx.o
 .debug_macro   0x000000000002af6b      0x288 ./Core/Src/w25q128jvsiq.o
 .debug_macro   0x000000000002b1f3      0x282 ./Drivers/STM32U5xx_HAL_Driver/Src/stm32u5xx_hal.o
 .debug_macro   0x000000000002b475      0x25e ./Drivers/STM32U5xx_HAL_Driver/Src/stm32u5xx_hal_cortex.o
 .debug_macro   0x000000000002b6d3      0x293 ./Drivers/STM32U5xx_HAL_Driver/Src/stm32u5xx_hal_gpio.o
 .debug_macro   0x000000000002b966      0x2a5 ./Drivers/STM32U5xx_HAL_Driver/Src/stm32u5xx_hal_ospi.o
 .debug_macro   0x000000000002bc0b      0x289 ./Drivers/STM32U5xx_HAL_Driver/Src/stm32u5xx_hal_pwr_ex.o
 .debug_macro   0x000000000002be94      0x364 ./Drivers/STM32U5xx_HAL_Driver/Src/stm32u5xx_hal_rcc.o
 .debug_macro   0x000000000002c1f8      0x382 ./Drivers/STM32U5xx_HAL_Driver/Src/stm32u5xx_hal_rcc_ex.o

.debug_line     0x0000000000000000     0xd2e5
 .debug_line    0x0000000000000000      0x79d ./Core/Src/Dev_Inf.o
 .debug_line    0x000000000000079d      0x942 ./Core/Src/Loader_Src.o
 .debug_line    0x00000000000010df      0x7ac ./Core/Src/gpio.o
 .debug_line    0x000000000000188b      0x85d ./Core/Src/main.o
 .debug_line    0x00000000000020e8      0x84d ./Core/Src/octospi.o
 .debug_line    0x0000000000002935      0x792 ./Core/Src/stm32u5xx_hal_msp.o
 .debug_line    0x00000000000030c7      0x856 ./Core/Src/stm32u5xx_it.o
 .debug_line    0x000000000000391d      0x88c ./Core/Src/system_stm32u5xx.o
 .debug_line    0x00000000000041a9      0xb86 ./Core/Src/w25q128jvsiq.o
 .debug_line    0x0000000000004d2f       0x8a ./Core/Startup/startup_stm32u545retxq.o
 .debug_line    0x0000000000004db9      0xb9e ./Drivers/STM32U5xx_HAL_Driver/Src/stm32u5xx_hal.o
 .debug_line    0x0000000000005957      0xd9b ./Drivers/STM32U5xx_HAL_Driver/Src/stm32u5xx_hal_cortex.o
 .debug_line    0x00000000000066f2      0xd04 ./Drivers/STM32U5xx_HAL_Driver/Src/stm32u5xx_hal_gpio.o
 .debug_line    0x00000000000073f6     0x179c ./Drivers/STM32U5xx_HAL_Driver/Src/stm32u5xx_hal_ospi.o
 .debug_line    0x0000000000008b92     0x108b ./Drivers/STM32U5xx_HAL_Driver/Src/stm32u5xx_hal_pwr_ex.o
 .debug_line    0x0000000000009c1d     0x14d7 ./Drivers/STM32U5xx_HAL_Driver/Src/stm32u5xx_hal_rcc.o
 .debug_line    0x000000000000b0f4     0x21f1 ./Drivers/STM32U5xx_HAL_Driver/Src/stm32u5xx_hal_rcc_ex.o

.debug_str      0x0000000000000000   0x113afe
 .debug_str     0x0000000000000000   0x10cba8 ./Core/Src/Dev_Inf.o
                                     0x10d607 (size before relaxing)
 .debug_str     0x000000000010cba8      0x7e9 ./Core/Src/Loader_Src.o
                                     0x10dd66 (size before relaxing)
 .debug_str     0x000000000010d391      0x28e ./Core/Src/gpio.o
                                     0x10d65f (size before relaxing)
 .debug_str     0x000000000010d61f      0x21a ./Core/Src/main.o
                                     0x10d7a6 (size before relaxing)
 .debug_str     0x000000000010d839      0x382 ./Core/Src/octospi.o
                                     0x10e13f (size before relaxing)
 .debug_str     0x000000000010dbbb       0x2c ./Core/Src/stm32u5xx_hal_msp.o
                                     0x10d58e (size before relaxing)
 .debug_str     0x000000000010dbe7       0xc9 ./Core/Src/stm32u5xx_it.o
                                     0x10d3db (size before relaxing)
 .debug_str     0x000000000010dcb0       0xc9 ./Core/Src/system_stm32u5xx.o
                                     0x10d6b5 (size before relaxing)
 .debug_str     0x000000000010dd79      0x2d9 ./Core/Src/w25q128jvsiq.o
                                     0x10debd (size before relaxing)
 .debug_str     0x000000000010e052       0x37 ./Core/Startup/startup_stm32u545retxq.o
                                         0x94 (size before relaxing)
 .debug_str     0x000000000010e089      0xd54 ./Drivers/STM32U5xx_HAL_Driver/Src/stm32u5xx_hal.o
                                     0x10e3ba (size before relaxing)
 .debug_str     0x000000000010eddd      0x3c9 ./Drivers/STM32U5xx_HAL_Driver/Src/stm32u5xx_hal_cortex.o
                                     0x10e231 (size before relaxing)
 .debug_str     0x000000000010f1a6      0x2eb ./Drivers/STM32U5xx_HAL_Driver/Src/stm32u5xx_hal_gpio.o
                                     0x10d6eb (size before relaxing)
 .debug_str     0x000000000010f491      0x7bb ./Drivers/STM32U5xx_HAL_Driver/Src/stm32u5xx_hal_ospi.o
                                     0x10e30c (size before relaxing)
 .debug_str     0x000000000010fc4c      0x788 ./Drivers/STM32U5xx_HAL_Driver/Src/stm32u5xx_hal_pwr_ex.o
                                     0x10dd4b (size before relaxing)
 .debug_str     0x00000000001103d4     0x12f6 ./Drivers/STM32U5xx_HAL_Driver/Src/stm32u5xx_hal_rcc.o
                                     0x10ed2b (size before relaxing)
 .debug_str     0x00000000001116ca     0x2434 ./Drivers/STM32U5xx_HAL_Driver/Src/stm32u5xx_hal_rcc_ex.o
                                     0x10fe99 (size before relaxing)

.comment        0x0000000000000000       0x50
 .comment       0x0000000000000000       0x50 ./Core/Src/Dev_Inf.o
                                         0x51 (size before relaxing)
 .comment       0x0000000000000050       0x51 ./Core/Src/Loader_Src.o
 .comment       0x0000000000000050       0x51 ./Core/Src/gpio.o
 .comment       0x0000000000000050       0x51 ./Core/Src/main.o
 .comment       0x0000000000000050       0x51 ./Core/Src/octospi.o
 .comment       0x0000000000000050       0x51 ./Core/Src/stm32u5xx_hal_msp.o
 .comment       0x0000000000000050       0x51 ./Core/Src/stm32u5xx_it.o
 .comment       0x0000000000000050       0x51 ./Core/Src/system_stm32u5xx.o
 .comment       0x0000000000000050       0x51 ./Core/Src/w25q128jvsiq.o
 .comment       0x0000000000000050       0x51 ./Drivers/STM32U5xx_HAL_Driver/Src/stm32u5xx_hal.o
 .comment       0x0000000000000050       0x51 ./Drivers/STM32U5xx_HAL_Driver/Src/stm32u5xx_hal_cortex.o
 .comment       0x0000000000000050       0x51 ./Drivers/STM32U5xx_HAL_Driver/Src/stm32u5xx_hal_gpio.o
 .comment       0x0000000000000050       0x51 ./Drivers/STM32U5xx_HAL_Driver/Src/stm32u5xx_hal_ospi.o
 .comment       0x0000000000000050       0x51 ./Drivers/STM32U5xx_HAL_Driver/Src/stm32u5xx_hal_pwr_ex.o
 .comment       0x0000000000000050       0x51 ./Drivers/STM32U5xx_HAL_Driver/Src/stm32u5xx_hal_rcc.o
 .comment       0x0000000000000050       0x51 ./Drivers/STM32U5xx_HAL_Driver/Src/stm32u5xx_hal_rcc_ex.o

.debug_ranges   0x0000000000000000      0x968
 .debug_ranges  0x0000000000000000       0x30 ./Core/Src/Loader_Src.o
 .debug_ranges  0x0000000000000030       0x10 ./Core/Src/gpio.o
 .debug_ranges  0x0000000000000040       0x28 ./Core/Src/main.o
 .debug_ranges  0x0000000000000068       0x20 ./Core/Src/octospi.o
 .debug_ranges  0x0000000000000088       0x10 ./Core/Src/stm32u5xx_hal_msp.o
 .debug_ranges  0x0000000000000098       0x50 ./Core/Src/stm32u5xx_it.o
 .debug_ranges  0x00000000000000e8       0x18 ./Core/Src/system_stm32u5xx.o
 .debug_ranges  0x0000000000000100       0x68 ./Core/Src/w25q128jvsiq.o
 .debug_ranges  0x0000000000000168       0x20 ./Core/Startup/startup_stm32u545retxq.o
 .debug_ranges  0x0000000000000188      0x128 ./Drivers/STM32U5xx_HAL_Driver/Src/stm32u5xx_hal.o
 .debug_ranges  0x00000000000002b0      0x120 ./Drivers/STM32U5xx_HAL_Driver/Src/stm32u5xx_hal_cortex.o
 .debug_ranges  0x00000000000003d0       0x68 ./Drivers/STM32U5xx_HAL_Driver/Src/stm32u5xx_hal_gpio.o
 .debug_ranges  0x0000000000000438      0x178 ./Drivers/STM32U5xx_HAL_Driver/Src/stm32u5xx_hal_ospi.o
 .debug_ranges  0x00000000000005b0      0x1d0 ./Drivers/STM32U5xx_HAL_Driver/Src/stm32u5xx_hal_pwr_ex.o
 .debug_ranges  0x0000000000000780       0x98 ./Drivers/STM32U5xx_HAL_Driver/Src/stm32u5xx_hal_rcc.o
 .debug_ranges  0x0000000000000818      0x150 ./Drivers/STM32U5xx_HAL_Driver/Src/stm32u5xx_hal_rcc_ex.o

.debug_frame    0x0000000000000000     0x28d4
 .debug_frame   0x0000000000000000       0xc4 ./Core/Src/Loader_Src.o
 .debug_frame   0x00000000000000c4       0x34 ./Core/Src/gpio.o
 .debug_frame   0x00000000000000f8       0x88 ./Core/Src/main.o
 .debug_frame   0x0000000000000180       0x78 ./Core/Src/octospi.o
 .debug_frame   0x00000000000001f8       0x38 ./Core/Src/stm32u5xx_hal_msp.o
 .debug_frame   0x0000000000000230      0x104 ./Core/Src/stm32u5xx_it.o
 .debug_frame   0x0000000000000334       0x58 ./Core/Src/system_stm32u5xx.o
 .debug_frame   0x000000000000038c      0x1c0 ./Core/Src/w25q128jvsiq.o
 .debug_frame   0x000000000000054c      0x4c0 ./Drivers/STM32U5xx_HAL_Driver/Src/stm32u5xx_hal.o
 .debug_frame   0x0000000000000a0c      0x508 ./Drivers/STM32U5xx_HAL_Driver/Src/stm32u5xx_hal_cortex.o
 .debug_frame   0x0000000000000f14      0x1ec ./Drivers/STM32U5xx_HAL_Driver/Src/stm32u5xx_hal_gpio.o
 .debug_frame   0x0000000000001100      0x718 ./Drivers/STM32U5xx_HAL_Driver/Src/stm32u5xx_hal_ospi.o
 .debug_frame   0x0000000000001818      0x7cc ./Drivers/STM32U5xx_HAL_Driver/Src/stm32u5xx_hal_pwr_ex.o
 .debug_frame   0x0000000000001fe4      0x28c ./Drivers/STM32U5xx_HAL_Driver/Src/stm32u5xx_hal_rcc.o
 .debug_frame   0x0000000000002270      0x5f0 ./Drivers/STM32U5xx_HAL_Driver/Src/stm32u5xx_hal_rcc_ex.o
 .debug_frame   0x0000000000002860       0x2c /opt/st/stm32cubeide_1.12.0/plugins/com.st.stm32cube.ide.mcu.externaltools.gnu-tools-for-stm32.10.3-2021.10.linux64_1.0.200.202301161003/tools/bin/../lib/gcc/arm-none-eabi/10.3.1/../../../../arm-none-eabi/lib/thumb/v8-m.main+fp/hard/libc_nano.a(lib_a-init.o)
 .debug_frame   0x000000000000288c       0x28 /opt/st/stm32cubeide_1.12.0/plugins/com.st.stm32cube.ide.mcu.externaltools.gnu-tools-for-stm32.10.3-2021.10.linux64_1.0.200.202301161003/tools/bin/../lib/gcc/arm-none-eabi/10.3.1/../../../../arm-none-eabi/lib/thumb/v8-m.main+fp/hard/libc_nano.a(lib_a-memcpy-stub.o)
 .debug_frame   0x00000000000028b4       0x20 /opt/st/stm32cubeide_1.12.0/plugins/com.st.stm32cube.ide.mcu.externaltools.gnu-tools-for-stm32.10.3-2021.10.linux64_1.0.200.202301161003/tools/bin/../lib/gcc/arm-none-eabi/10.3.1/../../../../arm-none-eabi/lib/thumb/v8-m.main+fp/hard/libc_nano.a(lib_a-memset.o)

Cross Reference Table

Symbol                                            File
ADC1_IRQHandler                                   ./Core/Startup/startup_stm32u545retxq.o
ADC4_IRQHandler                                   ./Core/Startup/startup_stm32u545retxq.o
ADF1_IRQHandler                                   ./Core/Startup/startup_stm32u545retxq.o
AES_IRQHandler                                    ./Core/Startup/startup_stm32u545retxq.o
AHBPrescTable                                     ./Core/Src/system_stm32u5xx.o
                                                  ./Drivers/STM32U5xx_HAL_Driver/Src/stm32u5xx_hal_rcc.o
                                                  ./Drivers/STM32U5xx_HAL_Driver/Src/stm32u5xx_hal.o
APBPrescTable                                     ./Core/Src/system_stm32u5xx.o
                                                  ./Drivers/STM32U5xx_HAL_Driver/Src/stm32u5xx_hal_rcc.o
BusFault_Handler                                  ./Core/Src/stm32u5xx_it.o
COMP_IRQHandler                                   ./Core/Startup/startup_stm32u545retxq.o
CORDIC_IRQHandler                                 ./Core/Startup/startup_stm32u545retxq.o
CRS_IRQHandler                                    ./Core/Startup/startup_stm32u545retxq.o
DAC1_IRQHandler                                   ./Core/Startup/startup_stm32u545retxq.o
DCACHE1_IRQHandler                                ./Core/Startup/startup_stm32u545retxq.o
DCMI_PSSI_IRQHandler                              ./Core/Startup/startup_stm32u545retxq.o
DebugMon_Handler                                  ./Core/Src/stm32u5xx_it.o
Default_Handler                                   ./Core/Startup/startup_stm32u545retxq.o
EXTI0_IRQHandler                                  ./Core/Startup/startup_stm32u545retxq.o
EXTI10_IRQHandler                                 ./Core/Startup/startup_stm32u545retxq.o
EXTI11_IRQHandler                                 ./Core/Startup/startup_stm32u545retxq.o
EXTI12_IRQHandler                                 ./Core/Startup/startup_stm32u545retxq.o
EXTI13_IRQHandler                                 ./Core/Startup/startup_stm32u545retxq.o
EXTI14_IRQHandler                                 ./Core/Startup/startup_stm32u545retxq.o
EXTI15_IRQHandler                                 ./Core/Startup/startup_stm32u545retxq.o
EXTI1_IRQHandler                                  ./Core/Startup/startup_stm32u545retxq.o
EXTI2_IRQHandler                                  ./Core/Startup/startup_stm32u545retxq.o
EXTI3_IRQHandler                                  ./Core/Startup/startup_stm32u545retxq.o
EXTI4_IRQHandler                                  ./Core/Startup/startup_stm32u545retxq.o
EXTI5_IRQHandler                                  ./Core/Startup/startup_stm32u545retxq.o
EXTI6_IRQHandler                                  ./Core/Startup/startup_stm32u545retxq.o
EXTI7_IRQHandler                                  ./Core/Startup/startup_stm32u545retxq.o
EXTI8_IRQHandler                                  ./Core/Startup/startup_stm32u545retxq.o
EXTI9_IRQHandler                                  ./Core/Startup/startup_stm32u545retxq.o
Error_Handler                                     ./Core/Src/main.o
                                                  ./Core/Src/octospi.o
FDCAN1_IT0_IRQHandler                             ./Core/Startup/startup_stm32u545retxq.o
FDCAN1_IT1_IRQHandler                             ./Core/Startup/startup_stm32u545retxq.o
FLASH_IRQHandler                                  ./Core/Startup/startup_stm32u545retxq.o
FLASH_PageErase                                   ./Drivers/STM32U5xx_HAL_Driver/Src/stm32u5xx_hal_flash_ex.o
                                                  ./Drivers/STM32U5xx_HAL_Driver/Src/stm32u5xx_hal_flash.o
FLASH_S_IRQHandler                                ./Core/Startup/startup_stm32u545retxq.o
FLASH_WaitForLastOperation                        ./Drivers/STM32U5xx_HAL_Driver/Src/stm32u5xx_hal_flash.o
                                                  ./Drivers/STM32U5xx_HAL_Driver/Src/stm32u5xx_hal_flash_ex.o
FMAC_IRQHandler                                   ./Core/Startup/startup_stm32u545retxq.o
FPU_IRQHandler                                    ./Core/Startup/startup_stm32u545retxq.o
GPDMA1_Channel0_IRQHandler                        ./Core/Startup/startup_stm32u545retxq.o
GPDMA1_Channel10_IRQHandler                       ./Core/Startup/startup_stm32u545retxq.o
GPDMA1_Channel11_IRQHandler                       ./Core/Startup/startup_stm32u545retxq.o
GPDMA1_Channel12_IRQHandler                       ./Core/Startup/startup_stm32u545retxq.o
GPDMA1_Channel13_IRQHandler                       ./Core/Startup/startup_stm32u545retxq.o
GPDMA1_Channel14_IRQHandler                       ./Core/Startup/startup_stm32u545retxq.o
GPDMA1_Channel15_IRQHandler                       ./Core/Startup/startup_stm32u545retxq.o
GPDMA1_Channel1_IRQHandler                        ./Core/Startup/startup_stm32u545retxq.o
GPDMA1_Channel2_IRQHandler                        ./Core/Startup/startup_stm32u545retxq.o
GPDMA1_Channel3_IRQHandler                        ./Core/Startup/startup_stm32u545retxq.o
GPDMA1_Channel4_IRQHandler                        ./Core/Startup/startup_stm32u545retxq.o
GPDMA1_Channel5_IRQHandler                        ./Core/Startup/startup_stm32u545retxq.o
GPDMA1_Channel6_IRQHandler                        ./Core/Startup/startup_stm32u545retxq.o
GPDMA1_Channel7_IRQHandler                        ./Core/Startup/startup_stm32u545retxq.o
GPDMA1_Channel8_IRQHandler                        ./Core/Startup/startup_stm32u545retxq.o
GPDMA1_Channel9_IRQHandler                        ./Core/Startup/startup_stm32u545retxq.o
GTZC_IRQHandler                                   ./Core/Startup/startup_stm32u545retxq.o
HAL_DBGMCU_DisableDBGStandbyMode                  ./Drivers/STM32U5xx_HAL_Driver/Src/stm32u5xx_hal.o
HAL_DBGMCU_DisableDBGStopMode                     ./Drivers/STM32U5xx_HAL_Driver/Src/stm32u5xx_hal.o
HAL_DBGMCU_EnableDBGStandbyMode                   ./Drivers/STM32U5xx_HAL_Driver/Src/stm32u5xx_hal.o
HAL_DBGMCU_EnableDBGStopMode                      ./Drivers/STM32U5xx_HAL_Driver/Src/stm32u5xx_hal.o
HAL_DMAEx_ConfigDataHandling                      ./Drivers/STM32U5xx_HAL_Driver/Src/stm32u5xx_hal_dma_ex.o
HAL_DMAEx_ConfigRepeatBlock                       ./Drivers/STM32U5xx_HAL_Driver/Src/stm32u5xx_hal_dma_ex.o
HAL_DMAEx_ConfigTrigger                           ./Drivers/STM32U5xx_HAL_Driver/Src/stm32u5xx_hal_dma_ex.o
HAL_DMAEx_GetFifoLevel                            ./Drivers/STM32U5xx_HAL_Driver/Src/stm32u5xx_hal_dma_ex.o
HAL_DMAEx_List_BuildNode                          ./Drivers/STM32U5xx_HAL_Driver/Src/stm32u5xx_hal_dma_ex.o
HAL_DMAEx_List_ClearCircularMode                  ./Drivers/STM32U5xx_HAL_Driver/Src/stm32u5xx_hal_dma_ex.o
HAL_DMAEx_List_ConvertQToDynamic                  ./Drivers/STM32U5xx_HAL_Driver/Src/stm32u5xx_hal_dma_ex.o
HAL_DMAEx_List_ConvertQToStatic                   ./Drivers/STM32U5xx_HAL_Driver/Src/stm32u5xx_hal_dma_ex.o
HAL_DMAEx_List_DeInit                             ./Drivers/STM32U5xx_HAL_Driver/Src/stm32u5xx_hal_dma_ex.o
HAL_DMAEx_List_GetNodeConfig                      ./Drivers/STM32U5xx_HAL_Driver/Src/stm32u5xx_hal_dma_ex.o
HAL_DMAEx_List_Init                               ./Drivers/STM32U5xx_HAL_Driver/Src/stm32u5xx_hal_dma_ex.o
HAL_DMAEx_List_InsertNode                         ./Drivers/STM32U5xx_HAL_Driver/Src/stm32u5xx_hal_dma_ex.o
HAL_DMAEx_List_InsertNode_Head                    ./Drivers/STM32U5xx_HAL_Driver/Src/stm32u5xx_hal_dma_ex.o
HAL_DMAEx_List_InsertNode_Tail                    ./Drivers/STM32U5xx_HAL_Driver/Src/stm32u5xx_hal_dma_ex.o
HAL_DMAEx_List_InsertQ                            ./Drivers/STM32U5xx_HAL_Driver/Src/stm32u5xx_hal_dma_ex.o
HAL_DMAEx_List_InsertQ_Head                       ./Drivers/STM32U5xx_HAL_Driver/Src/stm32u5xx_hal_dma_ex.o
HAL_DMAEx_List_InsertQ_Tail                       ./Drivers/STM32U5xx_HAL_Driver/Src/stm32u5xx_hal_dma_ex.o
HAL_DMAEx_List_LinkQ                              ./Drivers/STM32U5xx_HAL_Driver/Src/stm32u5xx_hal_dma_ex.o
HAL_DMAEx_List_RemoveNode                         ./Drivers/STM32U5xx_HAL_Driver/Src/stm32u5xx_hal_dma_ex.o
HAL_DMAEx_List_RemoveNode_Head                    ./Drivers/STM32U5xx_HAL_Driver/Src/stm32u5xx_hal_dma_ex.o
HAL_DMAEx_List_RemoveNode_Tail                    ./Drivers/STM32U5xx_HAL_Driver/Src/stm32u5xx_hal_dma_ex.o
HAL_DMAEx_List_ReplaceNode                        ./Drivers/STM32U5xx_HAL_Driver/Src/stm32u5xx_hal_dma_ex.o
HAL_DMAEx_List_ReplaceNode_Head                   ./Drivers/STM32U5xx_HAL_Driver/Src/stm32u5xx_hal_dma_ex.o
HAL_DMAEx_List_ReplaceNode_Tail                   ./Drivers/STM32U5xx_HAL_Driver/Src/stm32u5xx_hal_dma_ex.o
HAL_DMAEx_List_ResetQ                             ./Drivers/STM32U5xx_HAL_Driver/Src/stm32u5xx_hal_dma_ex.o
HAL_DMAEx_List_SetCircularMode                    ./Drivers/STM32U5xx_HAL_Driver/Src/stm32u5xx_hal_dma_ex.o
HAL_DMAEx_List_SetCircularModeConfig              ./Drivers/STM32U5xx_HAL_Driver/Src/stm32u5xx_hal_dma_ex.o
HAL_DMAEx_List_Start                              ./Drivers/STM32U5xx_HAL_Driver/Src/stm32u5xx_hal_dma_ex.o
HAL_DMAEx_List_Start_IT                           ./Drivers/STM32U5xx_HAL_Driver/Src/stm32u5xx_hal_dma_ex.o
                                                  ./Drivers/STM32U5xx_HAL_Driver/Src/stm32u5xx_hal_ospi.o
HAL_DMAEx_List_UnLinkQ                            ./Drivers/STM32U5xx_HAL_Driver/Src/stm32u5xx_hal_dma_ex.o
HAL_DMAEx_Resume                                  ./Drivers/STM32U5xx_HAL_Driver/Src/stm32u5xx_hal_dma_ex.o
HAL_DMAEx_Suspend                                 ./Drivers/STM32U5xx_HAL_Driver/Src/stm32u5xx_hal_dma_ex.o
HAL_DMAEx_Suspend_IT                              ./Drivers/STM32U5xx_HAL_Driver/Src/stm32u5xx_hal_dma_ex.o
HAL_DMA_Abort                                     ./Drivers/STM32U5xx_HAL_Driver/Src/stm32u5xx_hal_dma.o
                                                  ./Drivers/STM32U5xx_HAL_Driver/Src/stm32u5xx_hal_ospi.o
HAL_DMA_Abort_IT                                  ./Drivers/STM32U5xx_HAL_Driver/Src/stm32u5xx_hal_dma.o
                                                  ./Drivers/STM32U5xx_HAL_Driver/Src/stm32u5xx_hal_ospi.o
HAL_DMA_ConfigChannelAttributes                   ./Drivers/STM32U5xx_HAL_Driver/Src/stm32u5xx_hal_dma.o
HAL_DMA_DeInit                                    ./Drivers/STM32U5xx_HAL_Driver/Src/stm32u5xx_hal_dma.o
HAL_DMA_GetConfigChannelAttributes                ./Drivers/STM32U5xx_HAL_Driver/Src/stm32u5xx_hal_dma.o
HAL_DMA_GetError                                  ./Drivers/STM32U5xx_HAL_Driver/Src/stm32u5xx_hal_dma.o
HAL_DMA_GetLockChannelAttributes                  ./Drivers/STM32U5xx_HAL_Driver/Src/stm32u5xx_hal_dma.o
HAL_DMA_GetState                                  ./Drivers/STM32U5xx_HAL_Driver/Src/stm32u5xx_hal_dma.o
HAL_DMA_IRQHandler                                ./Drivers/STM32U5xx_HAL_Driver/Src/stm32u5xx_hal_dma.o
HAL_DMA_Init                                      ./Drivers/STM32U5xx_HAL_Driver/Src/stm32u5xx_hal_dma.o
HAL_DMA_PollForTransfer                           ./Drivers/STM32U5xx_HAL_Driver/Src/stm32u5xx_hal_dma.o
HAL_DMA_RegisterCallback                          ./Drivers/STM32U5xx_HAL_Driver/Src/stm32u5xx_hal_dma.o
HAL_DMA_Start                                     ./Drivers/STM32U5xx_HAL_Driver/Src/stm32u5xx_hal_dma.o
HAL_DMA_Start_IT                                  ./Drivers/STM32U5xx_HAL_Driver/Src/stm32u5xx_hal_dma.o
                                                  ./Drivers/STM32U5xx_HAL_Driver/Src/stm32u5xx_hal_ospi.o
HAL_DMA_UnRegisterCallback                        ./Drivers/STM32U5xx_HAL_Driver/Src/stm32u5xx_hal_dma.o
HAL_DeInit                                        ./Drivers/STM32U5xx_HAL_Driver/Src/stm32u5xx_hal.o
                                                  ./Core/Src/Loader_Src.o
HAL_Delay                                         ./Drivers/STM32U5xx_HAL_Driver/Src/stm32u5xx_hal.o
                                                  ./Core/Src/w25q128jvsiq.o
HAL_EXTI_ClearConfigLine                          ./Drivers/STM32U5xx_HAL_Driver/Src/stm32u5xx_hal_exti.o
HAL_EXTI_ClearPending                             ./Drivers/STM32U5xx_HAL_Driver/Src/stm32u5xx_hal_exti.o
HAL_EXTI_ConfigLineAttributes                     ./Drivers/STM32U5xx_HAL_Driver/Src/stm32u5xx_hal_exti.o
HAL_EXTI_GenerateSWI                              ./Drivers/STM32U5xx_HAL_Driver/Src/stm32u5xx_hal_exti.o
HAL_EXTI_GetConfigLine                            ./Drivers/STM32U5xx_HAL_Driver/Src/stm32u5xx_hal_exti.o
HAL_EXTI_GetConfigLineAttributes                  ./Drivers/STM32U5xx_HAL_Driver/Src/stm32u5xx_hal_exti.o
HAL_EXTI_GetHandle                                ./Drivers/STM32U5xx_HAL_Driver/Src/stm32u5xx_hal_exti.o
HAL_EXTI_GetPending                               ./Drivers/STM32U5xx_HAL_Driver/Src/stm32u5xx_hal_exti.o
HAL_EXTI_IRQHandler                               ./Drivers/STM32U5xx_HAL_Driver/Src/stm32u5xx_hal_exti.o
HAL_EXTI_RegisterCallback                         ./Drivers/STM32U5xx_HAL_Driver/Src/stm32u5xx_hal_exti.o
HAL_EXTI_SetConfigLine                            ./Drivers/STM32U5xx_HAL_Driver/Src/stm32u5xx_hal_exti.o
HAL_FLASHEx_ConfigBBAttributes                    ./Drivers/STM32U5xx_HAL_Driver/Src/stm32u5xx_hal_flash_ex.o
HAL_FLASHEx_ConfigLowPowerRead                    ./Drivers/STM32U5xx_HAL_Driver/Src/stm32u5xx_hal_flash_ex.o
HAL_FLASHEx_ConfigPrivMode                        ./Drivers/STM32U5xx_HAL_Driver/Src/stm32u5xx_hal_flash_ex.o
HAL_FLASHEx_EnablePowerDown                       ./Drivers/STM32U5xx_HAL_Driver/Src/stm32u5xx_hal_flash_ex.o
HAL_FLASHEx_Erase                                 ./Drivers/STM32U5xx_HAL_Driver/Src/stm32u5xx_hal_flash_ex.o
HAL_FLASHEx_Erase_IT                              ./Drivers/STM32U5xx_HAL_Driver/Src/stm32u5xx_hal_flash_ex.o
HAL_FLASHEx_GetConfigBBAttributes                 ./Drivers/STM32U5xx_HAL_Driver/Src/stm32u5xx_hal_flash_ex.o
HAL_FLASHEx_GetLowPowerRead                       ./Drivers/STM32U5xx_HAL_Driver/Src/stm32u5xx_hal_flash_ex.o
HAL_FLASHEx_GetOperation                          ./Drivers/STM32U5xx_HAL_Driver/Src/stm32u5xx_hal_flash_ex.o
HAL_FLASHEx_GetPrivMode                           ./Drivers/STM32U5xx_HAL_Driver/Src/stm32u5xx_hal_flash_ex.o
HAL_FLASHEx_OBGetConfig                           ./Drivers/STM32U5xx_HAL_Driver/Src/stm32u5xx_hal_flash_ex.o
HAL_FLASHEx_OBProgram                             ./Drivers/STM32U5xx_HAL_Driver/Src/stm32u5xx_hal_flash_ex.o
HAL_FLASH_EndOfOperationCallback                  ./Drivers/STM32U5xx_HAL_Driver/Src/stm32u5xx_hal_flash.o
HAL_FLASH_GetError                                ./Drivers/STM32U5xx_HAL_Driver/Src/stm32u5xx_hal_flash.o
HAL_FLASH_IRQHandler                              ./Drivers/STM32U5xx_HAL_Driver/Src/stm32u5xx_hal_flash.o
HAL_FLASH_Lock                                    ./Drivers/STM32U5xx_HAL_Driver/Src/stm32u5xx_hal_flash.o
HAL_FLASH_OB_Launch                               ./Drivers/STM32U5xx_HAL_Driver/Src/stm32u5xx_hal_flash.o
HAL_FLASH_OB_Lock                                 ./Drivers/STM32U5xx_HAL_Driver/Src/stm32u5xx_hal_flash.o
HAL_FLASH_OB_Unlock                               ./Drivers/STM32U5xx_HAL_Driver/Src/stm32u5xx_hal_flash.o
HAL_FLASH_OperationErrorCallback                  ./Drivers/STM32U5xx_HAL_Driver/Src/stm32u5xx_hal_flash.o
HAL_FLASH_Program                                 ./Drivers/STM32U5xx_HAL_Driver/Src/stm32u5xx_hal_flash.o
HAL_FLASH_Program_IT                              ./Drivers/STM32U5xx_HAL_Driver/Src/stm32u5xx_hal_flash.o
HAL_FLASH_Unlock                                  ./Drivers/STM32U5xx_HAL_Driver/Src/stm32u5xx_hal_flash.o
HAL_GPIO_DeInit                                   ./Drivers/STM32U5xx_HAL_Driver/Src/stm32u5xx_hal_gpio.o
                                                  ./Core/Src/octospi.o
HAL_GPIO_DisableHighSPeedLowVoltage               ./Drivers/STM32U5xx_HAL_Driver/Src/stm32u5xx_hal_gpio.o
HAL_GPIO_EXTI_Falling_Callback                    ./Drivers/STM32U5xx_HAL_Driver/Src/stm32u5xx_hal_gpio.o
HAL_GPIO_EXTI_IRQHandler                          ./Drivers/STM32U5xx_HAL_Driver/Src/stm32u5xx_hal_gpio.o
HAL_GPIO_EXTI_Rising_Callback                     ./Drivers/STM32U5xx_HAL_Driver/Src/stm32u5xx_hal_gpio.o
HAL_GPIO_EnableHighSPeedLowVoltage                ./Drivers/STM32U5xx_HAL_Driver/Src/stm32u5xx_hal_gpio.o
HAL_GPIO_Init                                     ./Drivers/STM32U5xx_HAL_Driver/Src/stm32u5xx_hal_gpio.o
                                                  ./Drivers/STM32U5xx_HAL_Driver/Src/stm32u5xx_hal_rcc.o
                                                  ./Core/Src/octospi.o
                                                  ./Core/Src/gpio.o
HAL_GPIO_LockPin                                  ./Drivers/STM32U5xx_HAL_Driver/Src/stm32u5xx_hal_gpio.o
HAL_GPIO_ReadPin                                  ./Drivers/STM32U5xx_HAL_Driver/Src/stm32u5xx_hal_gpio.o
HAL_GPIO_TogglePin                                ./Drivers/STM32U5xx_HAL_Driver/Src/stm32u5xx_hal_gpio.o
HAL_GPIO_WriteMultipleStatePin                    ./Drivers/STM32U5xx_HAL_Driver/Src/stm32u5xx_hal_gpio.o
HAL_GPIO_WritePin                                 ./Drivers/STM32U5xx_HAL_Driver/Src/stm32u5xx_hal_gpio.o
                                                  ./Core/Src/gpio.o
HAL_GetDEVID                                      ./Drivers/STM32U5xx_HAL_Driver/Src/stm32u5xx_hal.o
HAL_GetHalVersion                                 ./Drivers/STM32U5xx_HAL_Driver/Src/stm32u5xx_hal.o
HAL_GetREVID                                      ./Drivers/STM32U5xx_HAL_Driver/Src/stm32u5xx_hal.o
HAL_GetTick                                       ./Drivers/STM32U5xx_HAL_Driver/Src/stm32u5xx_hal.o
                                                  ./Drivers/STM32U5xx_HAL_Driver/Src/stm32u5xx_ll_dlyb.o
                                                  ./Drivers/STM32U5xx_HAL_Driver/Src/stm32u5xx_hal_rcc_ex.o
                                                  ./Drivers/STM32U5xx_HAL_Driver/Src/stm32u5xx_hal_rcc.o
                                                  ./Drivers/STM32U5xx_HAL_Driver/Src/stm32u5xx_hal_ospi.o
                                                  ./Drivers/STM32U5xx_HAL_Driver/Src/stm32u5xx_hal_flash_ex.o
                                                  ./Drivers/STM32U5xx_HAL_Driver/Src/stm32u5xx_hal_flash.o
                                                  ./Drivers/STM32U5xx_HAL_Driver/Src/stm32u5xx_hal_dma_ex.o
                                                  ./Drivers/STM32U5xx_HAL_Driver/Src/stm32u5xx_hal_dma.o
HAL_GetTickFreq                                   ./Drivers/STM32U5xx_HAL_Driver/Src/stm32u5xx_hal.o
HAL_GetTickPrio                                   ./Drivers/STM32U5xx_HAL_Driver/Src/stm32u5xx_hal.o
HAL_GetUIDw0                                      ./Drivers/STM32U5xx_HAL_Driver/Src/stm32u5xx_hal.o
HAL_GetUIDw1                                      ./Drivers/STM32U5xx_HAL_Driver/Src/stm32u5xx_hal.o
HAL_GetUIDw2                                      ./Drivers/STM32U5xx_HAL_Driver/Src/stm32u5xx_hal.o
HAL_IncTick                                       ./Drivers/STM32U5xx_HAL_Driver/Src/stm32u5xx_hal.o
                                                  ./Core/Src/stm32u5xx_it.o
HAL_Init                                          ./Drivers/STM32U5xx_HAL_Driver/Src/stm32u5xx_hal.o
                                                  ./Core/Src/main.o
                                                  ./Core/Src/Loader_Src.o
HAL_InitTick                                      ./Drivers/STM32U5xx_HAL_Driver/Src/stm32u5xx_hal.o
                                                  ./Drivers/STM32U5xx_HAL_Driver/Src/stm32u5xx_hal_rcc.o
HAL_MPU_ConfigMemoryAttributes                    ./Drivers/STM32U5xx_HAL_Driver/Src/stm32u5xx_hal_cortex.o
HAL_MPU_ConfigRegion                              ./Drivers/STM32U5xx_HAL_Driver/Src/stm32u5xx_hal_cortex.o
HAL_MPU_Disable                                   ./Drivers/STM32U5xx_HAL_Driver/Src/stm32u5xx_hal_cortex.o
HAL_MPU_Enable                                    ./Drivers/STM32U5xx_HAL_Driver/Src/stm32u5xx_hal_cortex.o
HAL_MspDeInit                                     ./Drivers/STM32U5xx_HAL_Driver/Src/stm32u5xx_hal.o
HAL_MspInit                                       ./Core/Src/stm32u5xx_hal_msp.o
HAL_NVIC_ClearPendingIRQ                          ./Drivers/STM32U5xx_HAL_Driver/Src/stm32u5xx_hal_cortex.o
HAL_NVIC_DisableIRQ                               ./Drivers/STM32U5xx_HAL_Driver/Src/stm32u5xx_hal_cortex.o
HAL_NVIC_EnableIRQ                                ./Drivers/STM32U5xx_HAL_Driver/Src/stm32u5xx_hal_cortex.o
HAL_NVIC_GetActive                                ./Drivers/STM32U5xx_HAL_Driver/Src/stm32u5xx_hal_cortex.o
HAL_NVIC_GetPendingIRQ                            ./Drivers/STM32U5xx_HAL_Driver/Src/stm32u5xx_hal_cortex.o
HAL_NVIC_GetPriority                              ./Drivers/STM32U5xx_HAL_Driver/Src/stm32u5xx_hal_cortex.o
HAL_NVIC_GetPriorityGrouping                      ./Drivers/STM32U5xx_HAL_Driver/Src/stm32u5xx_hal_cortex.o
HAL_NVIC_SetPendingIRQ                            ./Drivers/STM32U5xx_HAL_Driver/Src/stm32u5xx_hal_cortex.o
HAL_NVIC_SetPriority                              ./Drivers/STM32U5xx_HAL_Driver/Src/stm32u5xx_hal_cortex.o
                                                  ./Drivers/STM32U5xx_HAL_Driver/Src/stm32u5xx_hal.o
HAL_NVIC_SetPriorityGrouping                      ./Drivers/STM32U5xx_HAL_Driver/Src/stm32u5xx_hal_cortex.o
                                                  ./Drivers/STM32U5xx_HAL_Driver/Src/stm32u5xx_hal.o
HAL_NVIC_SystemReset                              ./Drivers/STM32U5xx_HAL_Driver/Src/stm32u5xx_hal_cortex.o
HAL_OSPI_Abort                                    ./Drivers/STM32U5xx_HAL_Driver/Src/stm32u5xx_hal_ospi.o
HAL_OSPI_AbortCpltCallback                        ./Drivers/STM32U5xx_HAL_Driver/Src/stm32u5xx_hal_ospi.o
HAL_OSPI_Abort_IT                                 ./Drivers/STM32U5xx_HAL_Driver/Src/stm32u5xx_hal_ospi.o
HAL_OSPI_AutoPolling                              ./Drivers/STM32U5xx_HAL_Driver/Src/stm32u5xx_hal_ospi.o
                                                  ./Core/Src/w25q128jvsiq.o
HAL_OSPI_AutoPolling_IT                           ./Drivers/STM32U5xx_HAL_Driver/Src/stm32u5xx_hal_ospi.o
HAL_OSPI_CmdCpltCallback                          ./Drivers/STM32U5xx_HAL_Driver/Src/stm32u5xx_hal_ospi.o
HAL_OSPI_Command                                  ./Drivers/STM32U5xx_HAL_Driver/Src/stm32u5xx_hal_ospi.o
                                                  ./Core/Src/w25q128jvsiq.o
HAL_OSPI_Command_IT                               ./Drivers/STM32U5xx_HAL_Driver/Src/stm32u5xx_hal_ospi.o
HAL_OSPI_DLYB_GetClockPeriod                      ./Drivers/STM32U5xx_HAL_Driver/Src/stm32u5xx_hal_ospi.o
HAL_OSPI_DLYB_GetConfig                           ./Drivers/STM32U5xx_HAL_Driver/Src/stm32u5xx_hal_ospi.o
HAL_OSPI_DLYB_SetConfig                           ./Drivers/STM32U5xx_HAL_Driver/Src/stm32u5xx_hal_ospi.o
HAL_OSPI_DeInit                                   ./Drivers/STM32U5xx_HAL_Driver/Src/stm32u5xx_hal_ospi.o
HAL_OSPI_ErrorCallback                            ./Drivers/STM32U5xx_HAL_Driver/Src/stm32u5xx_hal_ospi.o
HAL_OSPI_FifoThresholdCallback                    ./Drivers/STM32U5xx_HAL_Driver/Src/stm32u5xx_hal_ospi.o
HAL_OSPI_GetError                                 ./Drivers/STM32U5xx_HAL_Driver/Src/stm32u5xx_hal_ospi.o
HAL_OSPI_GetFifoThreshold                         ./Drivers/STM32U5xx_HAL_Driver/Src/stm32u5xx_hal_ospi.o
HAL_OSPI_GetState                                 ./Drivers/STM32U5xx_HAL_Driver/Src/stm32u5xx_hal_ospi.o
                                                  ./Core/Src/w25q128jvsiq.o
HAL_OSPI_HyperbusCfg                              ./Drivers/STM32U5xx_HAL_Driver/Src/stm32u5xx_hal_ospi.o
HAL_OSPI_HyperbusCmd                              ./Drivers/STM32U5xx_HAL_Driver/Src/stm32u5xx_hal_ospi.o
HAL_OSPI_IRQHandler                               ./Drivers/STM32U5xx_HAL_Driver/Src/stm32u5xx_hal_ospi.o
HAL_OSPI_Init                                     ./Drivers/STM32U5xx_HAL_Driver/Src/stm32u5xx_hal_ospi.o
                                                  ./Core/Src/octospi.o
HAL_OSPI_MemoryMapped                             ./Drivers/STM32U5xx_HAL_Driver/Src/stm32u5xx_hal_ospi.o
HAL_OSPI_MspDeInit                                ./Core/Src/octospi.o
HAL_OSPI_MspInit                                  ./Core/Src/octospi.o
HAL_OSPI_Receive                                  ./Drivers/STM32U5xx_HAL_Driver/Src/stm32u5xx_hal_ospi.o
                                                  ./Core/Src/w25q128jvsiq.o
HAL_OSPI_Receive_DMA                              ./Drivers/STM32U5xx_HAL_Driver/Src/stm32u5xx_hal_ospi.o
HAL_OSPI_Receive_IT                               ./Drivers/STM32U5xx_HAL_Driver/Src/stm32u5xx_hal_ospi.o
HAL_OSPI_RxCpltCallback                           ./Drivers/STM32U5xx_HAL_Driver/Src/stm32u5xx_hal_ospi.o
HAL_OSPI_RxHalfCpltCallback                       ./Drivers/STM32U5xx_HAL_Driver/Src/stm32u5xx_hal_ospi.o
HAL_OSPI_SetFifoThreshold                         ./Drivers/STM32U5xx_HAL_Driver/Src/stm32u5xx_hal_ospi.o
HAL_OSPI_SetTimeout                               ./Drivers/STM32U5xx_HAL_Driver/Src/stm32u5xx_hal_ospi.o
HAL_OSPI_StatusMatchCallback                      ./Drivers/STM32U5xx_HAL_Driver/Src/stm32u5xx_hal_ospi.o
HAL_OSPI_TimeOutCallback                          ./Drivers/STM32U5xx_HAL_Driver/Src/stm32u5xx_hal_ospi.o
HAL_OSPI_Transmit                                 ./Drivers/STM32U5xx_HAL_Driver/Src/stm32u5xx_hal_ospi.o
                                                  ./Core/Src/w25q128jvsiq.o
HAL_OSPI_Transmit_DMA                             ./Drivers/STM32U5xx_HAL_Driver/Src/stm32u5xx_hal_ospi.o
HAL_OSPI_Transmit_IT                              ./Drivers/STM32U5xx_HAL_Driver/Src/stm32u5xx_hal_ospi.o
HAL_OSPI_TxCpltCallback                           ./Drivers/STM32U5xx_HAL_Driver/Src/stm32u5xx_hal_ospi.o
HAL_OSPI_TxHalfCpltCallback                       ./Drivers/STM32U5xx_HAL_Driver/Src/stm32u5xx_hal_ospi.o
HAL_PWREx_AVM1Callback                            ./Drivers/STM32U5xx_HAL_Driver/Src/stm32u5xx_hal_pwr_ex.o
HAL_PWREx_AVM2Callback                            ./Drivers/STM32U5xx_HAL_Driver/Src/stm32u5xx_hal_pwr_ex.o
HAL_PWREx_ConfigPVM                               ./Drivers/STM32U5xx_HAL_Driver/Src/stm32u5xx_hal_pwr_ex.o
HAL_PWREx_ConfigSRDDomain                         ./Drivers/STM32U5xx_HAL_Driver/Src/stm32u5xx_hal_pwr_ex.o
HAL_PWREx_ConfigSupply                            ./Drivers/STM32U5xx_HAL_Driver/Src/stm32u5xx_hal_pwr_ex.o
                                                  ./Core/Src/main.o
HAL_PWREx_ControlVoltageScaling                   ./Drivers/STM32U5xx_HAL_Driver/Src/stm32u5xx_hal_pwr_ex.o
                                                  ./Core/Src/main.o
HAL_PWREx_DisableAVM1                             ./Drivers/STM32U5xx_HAL_Driver/Src/stm32u5xx_hal_pwr_ex.o
HAL_PWREx_DisableAVM2                             ./Drivers/STM32U5xx_HAL_Driver/Src/stm32u5xx_hal_pwr_ex.o
HAL_PWREx_DisableBatteryCharging                  ./Drivers/STM32U5xx_HAL_Driver/Src/stm32u5xx_hal_pwr_ex.o
HAL_PWREx_DisableBkupRAMRetention                 ./Drivers/STM32U5xx_HAL_Driver/Src/stm32u5xx_hal_pwr_ex.o
HAL_PWREx_DisableFastSoftStart                    ./Drivers/STM32U5xx_HAL_Driver/Src/stm32u5xx_hal_pwr_ex.o
HAL_PWREx_DisableFlashFastWakeUp                  ./Drivers/STM32U5xx_HAL_Driver/Src/stm32u5xx_hal_pwr_ex.o
HAL_PWREx_DisableGPIOPullDown                     ./Drivers/STM32U5xx_HAL_Driver/Src/stm32u5xx_hal_pwr_ex.o
HAL_PWREx_DisableGPIOPullUp                       ./Drivers/STM32U5xx_HAL_Driver/Src/stm32u5xx_hal_pwr_ex.o
HAL_PWREx_DisableIO2VM                            ./Drivers/STM32U5xx_HAL_Driver/Src/stm32u5xx_hal_pwr_ex.o
HAL_PWREx_DisableMonitoring                       ./Drivers/STM32U5xx_HAL_Driver/Src/stm32u5xx_hal_pwr_ex.o
HAL_PWREx_DisablePullUpPullDownConfig             ./Drivers/STM32U5xx_HAL_Driver/Src/stm32u5xx_hal_pwr_ex.o
HAL_PWREx_DisableRAMsContentRunRetention          ./Drivers/STM32U5xx_HAL_Driver/Src/stm32u5xx_hal_pwr_ex.o
HAL_PWREx_DisableRAMsContentStopRetention         ./Drivers/STM32U5xx_HAL_Driver/Src/stm32u5xx_hal_pwr_ex.o
HAL_PWREx_DisableSRAM2ContentStandbyRetention     ./Drivers/STM32U5xx_HAL_Driver/Src/stm32u5xx_hal_pwr_ex.o
HAL_PWREx_DisableSRAM4FastWakeUp                  ./Drivers/STM32U5xx_HAL_Driver/Src/stm32u5xx_hal_pwr_ex.o
HAL_PWREx_DisableUVM                              ./Drivers/STM32U5xx_HAL_Driver/Src/stm32u5xx_hal_pwr_ex.o
HAL_PWREx_DisableUltraLowPowerMode                ./Drivers/STM32U5xx_HAL_Driver/Src/stm32u5xx_hal_pwr_ex.o
HAL_PWREx_DisableVddA                             ./Drivers/STM32U5xx_HAL_Driver/Src/stm32u5xx_hal_pwr_ex.o
HAL_PWREx_DisableVddIO2                           ./Drivers/STM32U5xx_HAL_Driver/Src/stm32u5xx_hal_pwr_ex.o
HAL_PWREx_DisableVddUSB                           ./Drivers/STM32U5xx_HAL_Driver/Src/stm32u5xx_hal_pwr_ex.o
HAL_PWREx_EnableAVM1                              ./Drivers/STM32U5xx_HAL_Driver/Src/stm32u5xx_hal_pwr_ex.o
HAL_PWREx_EnableAVM2                              ./Drivers/STM32U5xx_HAL_Driver/Src/stm32u5xx_hal_pwr_ex.o
HAL_PWREx_EnableBatteryCharging                   ./Drivers/STM32U5xx_HAL_Driver/Src/stm32u5xx_hal_pwr_ex.o
HAL_PWREx_EnableBkupRAMRetention                  ./Drivers/STM32U5xx_HAL_Driver/Src/stm32u5xx_hal_pwr_ex.o
HAL_PWREx_EnableFastSoftStart                     ./Drivers/STM32U5xx_HAL_Driver/Src/stm32u5xx_hal_pwr_ex.o
HAL_PWREx_EnableFlashFastWakeUp                   ./Drivers/STM32U5xx_HAL_Driver/Src/stm32u5xx_hal_pwr_ex.o
HAL_PWREx_EnableGPIOPullDown                      ./Drivers/STM32U5xx_HAL_Driver/Src/stm32u5xx_hal_pwr_ex.o
HAL_PWREx_EnableGPIOPullUp                        ./Drivers/STM32U5xx_HAL_Driver/Src/stm32u5xx_hal_pwr_ex.o
HAL_PWREx_EnableIO2VM                             ./Drivers/STM32U5xx_HAL_Driver/Src/stm32u5xx_hal_pwr_ex.o
HAL_PWREx_EnableMonitoring                        ./Drivers/STM32U5xx_HAL_Driver/Src/stm32u5xx_hal_pwr_ex.o
HAL_PWREx_EnablePullUpPullDownConfig              ./Drivers/STM32U5xx_HAL_Driver/Src/stm32u5xx_hal_pwr_ex.o
HAL_PWREx_EnableRAMsContentRunRetention           ./Drivers/STM32U5xx_HAL_Driver/Src/stm32u5xx_hal_pwr_ex.o
HAL_PWREx_EnableRAMsContentStopRetention          ./Drivers/STM32U5xx_HAL_Driver/Src/stm32u5xx_hal_pwr_ex.o
HAL_PWREx_EnableSRAM2ContentStandbyRetention      ./Drivers/STM32U5xx_HAL_Driver/Src/stm32u5xx_hal_pwr_ex.o
HAL_PWREx_EnableSRAM4FastWakeUp                   ./Drivers/STM32U5xx_HAL_Driver/Src/stm32u5xx_hal_pwr_ex.o
HAL_PWREx_EnableUVM                               ./Drivers/STM32U5xx_HAL_Driver/Src/stm32u5xx_hal_pwr_ex.o
HAL_PWREx_EnableUltraLowPowerMode                 ./Drivers/STM32U5xx_HAL_Driver/Src/stm32u5xx_hal_pwr_ex.o
HAL_PWREx_EnableVddA                              ./Drivers/STM32U5xx_HAL_Driver/Src/stm32u5xx_hal_pwr_ex.o
HAL_PWREx_EnableVddIO2                            ./Drivers/STM32U5xx_HAL_Driver/Src/stm32u5xx_hal_pwr_ex.o
HAL_PWREx_EnableVddUSB                            ./Drivers/STM32U5xx_HAL_Driver/Src/stm32u5xx_hal_pwr_ex.o
HAL_PWREx_EnterSHUTDOWNMode                       ./Drivers/STM32U5xx_HAL_Driver/Src/stm32u5xx_hal_pwr_ex.o
HAL_PWREx_EnterSTOP1Mode                          ./Drivers/STM32U5xx_HAL_Driver/Src/stm32u5xx_hal_pwr_ex.o
HAL_PWREx_EnterSTOP2Mode                          ./Drivers/STM32U5xx_HAL_Driver/Src/stm32u5xx_hal_pwr_ex.o
HAL_PWREx_EnterSTOP3Mode                          ./Drivers/STM32U5xx_HAL_Driver/Src/stm32u5xx_hal_pwr_ex.o
HAL_PWREx_GetSupplyConfig                         ./Drivers/STM32U5xx_HAL_Driver/Src/stm32u5xx_hal_pwr_ex.o
HAL_PWREx_GetVoltageRange                         ./Drivers/STM32U5xx_HAL_Driver/Src/stm32u5xx_hal_pwr_ex.o
                                                  ./Drivers/STM32U5xx_HAL_Driver/Src/stm32u5xx_hal_rcc.o
HAL_PWREx_IO2VMCallback                           ./Drivers/STM32U5xx_HAL_Driver/Src/stm32u5xx_hal_pwr_ex.o
HAL_PWREx_PVD_PVM_IRQHandler                      ./Drivers/STM32U5xx_HAL_Driver/Src/stm32u5xx_hal_pwr_ex.o
HAL_PWREx_S3WUCallback                            ./Drivers/STM32U5xx_HAL_Driver/Src/stm32u5xx_hal_pwr_ex.o
HAL_PWREx_S3WU_IRQHandler                         ./Drivers/STM32U5xx_HAL_Driver/Src/stm32u5xx_hal_pwr_ex.o
HAL_PWREx_UVMCallback                             ./Drivers/STM32U5xx_HAL_Driver/Src/stm32u5xx_hal_pwr_ex.o
HAL_PWR_ConfigAttributes                          ./Drivers/STM32U5xx_HAL_Driver/Src/stm32u5xx_hal_pwr.o
HAL_PWR_ConfigPVD                                 ./Drivers/STM32U5xx_HAL_Driver/Src/stm32u5xx_hal_pwr.o
HAL_PWR_DeInit                                    ./Drivers/STM32U5xx_HAL_Driver/Src/stm32u5xx_hal_pwr.o
HAL_PWR_DisableBkUpAccess                         ./Drivers/STM32U5xx_HAL_Driver/Src/stm32u5xx_hal_pwr.o
                                                  ./Drivers/STM32U5xx_HAL_Driver/Src/stm32u5xx_hal_rcc_ex.o
HAL_PWR_DisablePVD                                ./Drivers/STM32U5xx_HAL_Driver/Src/stm32u5xx_hal_pwr.o
HAL_PWR_DisableSEVOnPend                          ./Drivers/STM32U5xx_HAL_Driver/Src/stm32u5xx_hal_pwr.o
HAL_PWR_DisableSleepOnExit                        ./Drivers/STM32U5xx_HAL_Driver/Src/stm32u5xx_hal_pwr.o
HAL_PWR_DisableWakeUpPin                          ./Drivers/STM32U5xx_HAL_Driver/Src/stm32u5xx_hal_pwr.o
HAL_PWR_EnableBkUpAccess                          ./Drivers/STM32U5xx_HAL_Driver/Src/stm32u5xx_hal_pwr.o
                                                  ./Drivers/STM32U5xx_HAL_Driver/Src/stm32u5xx_hal_rcc_ex.o
HAL_PWR_EnablePVD                                 ./Drivers/STM32U5xx_HAL_Driver/Src/stm32u5xx_hal_pwr.o
HAL_PWR_EnableSEVOnPend                           ./Drivers/STM32U5xx_HAL_Driver/Src/stm32u5xx_hal_pwr.o
HAL_PWR_EnableSleepOnExit                         ./Drivers/STM32U5xx_HAL_Driver/Src/stm32u5xx_hal_pwr.o
HAL_PWR_EnableWakeUpPin                           ./Drivers/STM32U5xx_HAL_Driver/Src/stm32u5xx_hal_pwr.o
HAL_PWR_EnterSLEEPMode                            ./Drivers/STM32U5xx_HAL_Driver/Src/stm32u5xx_hal_pwr.o
HAL_PWR_EnterSTANDBYMode                          ./Drivers/STM32U5xx_HAL_Driver/Src/stm32u5xx_hal_pwr.o
HAL_PWR_EnterSTOPMode                             ./Drivers/STM32U5xx_HAL_Driver/Src/stm32u5xx_hal_pwr.o
HAL_PWR_GetConfigAttributes                       ./Drivers/STM32U5xx_HAL_Driver/Src/stm32u5xx_hal_pwr.o
HAL_PWR_PVDCallback                               ./Drivers/STM32U5xx_HAL_Driver/Src/stm32u5xx_hal_pwr.o
                                                  ./Drivers/STM32U5xx_HAL_Driver/Src/stm32u5xx_hal_pwr_ex.o
HAL_PWR_PVD_IRQHandler                            ./Drivers/STM32U5xx_HAL_Driver/Src/stm32u5xx_hal_pwr.o
HAL_RCCEx_CRSConfig                               ./Drivers/STM32U5xx_HAL_Driver/Src/stm32u5xx_hal_rcc_ex.o
HAL_RCCEx_CRSGetSynchronizationInfo               ./Drivers/STM32U5xx_HAL_Driver/Src/stm32u5xx_hal_rcc_ex.o
HAL_RCCEx_CRSSoftwareSynchronizationGenerate      ./Drivers/STM32U5xx_HAL_Driver/Src/stm32u5xx_hal_rcc_ex.o
HAL_RCCEx_CRSWaitSynchronization                  ./Drivers/STM32U5xx_HAL_Driver/Src/stm32u5xx_hal_rcc_ex.o
HAL_RCCEx_CRS_ErrorCallback                       ./Drivers/STM32U5xx_HAL_Driver/Src/stm32u5xx_hal_rcc_ex.o
HAL_RCCEx_CRS_ExpectedSyncCallback                ./Drivers/STM32U5xx_HAL_Driver/Src/stm32u5xx_hal_rcc_ex.o
HAL_RCCEx_CRS_IRQHandler                          ./Drivers/STM32U5xx_HAL_Driver/Src/stm32u5xx_hal_rcc_ex.o
HAL_RCCEx_CRS_SyncOkCallback                      ./Drivers/STM32U5xx_HAL_Driver/Src/stm32u5xx_hal_rcc_ex.o